Archive member included to satisfy reference by file (symbol)

/home/larry/MounRiver_Studio_Community_Linux_x64_V160/MRS_Community/toolchain/RISC-V Embedded GCC/bin/../lib/gcc/riscv-none-embed/8.2.0/rv32imac/ilp32/libgcc.a(save-restore.o)
                              ./User/main.o (__riscv_save_12)
/home/larry/MounRiver_Studio_Community_Linux_x64_V160/MRS_Community/toolchain/RISC-V Embedded GCC/bin/../lib/gcc/riscv-none-embed/8.2.0/../../../../riscv-none-embed/lib/rv32imac/ilp32/libg_nano.a(lib_a-memcpy.o)
                              ./User/main.o (memcpy)
/home/larry/MounRiver_Studio_Community_Linux_x64_V160/MRS_Community/toolchain/RISC-V Embedded GCC/bin/../lib/gcc/riscv-none-embed/8.2.0/../../../../riscv-none-embed/lib/rv32imac/ilp32/libg_nano.a(lib_a-memset.o)
                              ./User/main.o (memset)

Discarded input sections

 .text          0x0000000000000000        0x0 ./User/ch32x035_it.o
 .data          0x0000000000000000        0x0 ./User/ch32x035_it.o
 .bss           0x0000000000000000        0x0 ./User/ch32x035_it.o
 .text          0x0000000000000000        0x0 ./User/main.o
 .data          0x0000000000000000        0x0 ./User/main.o
 .bss           0x0000000000000000        0x0 ./User/main.o
 .text.SetClock
                0x0000000000000000       0x12 ./User/main.o
 .text.delay    0x0000000000000000       0x18 ./User/main.o
 .text.digitalWrite8
                0x0000000000000000       0x3c ./User/main.o
 .text.I2CSetSpeed
                0x0000000000000000       0x2c ./User/main.o
 .text.I2CInit  0x0000000000000000       0x3c ./User/main.o
 .text.my_sleep_us
                0x0000000000000000       0x18 ./User/main.o
 .text.I2CTest  0x0000000000000000       0x2e ./User/main.o
 .text.I2CReadRegister
                0x0000000000000000       0x3c ./User/main.o
 .text.udiv64   0x0000000000000000       0x96 ./User/main.o
 .text.my_memset
                0x0000000000000000       0x10 ./User/main.o
 .text.my_strcpy
                0x0000000000000000       0x12 ./User/main.o
 .text.memset16
                0x0000000000000000       0x2e ./User/main.o
 .text.lcdGetCursorX
                0x0000000000000000        0xa ./User/main.o
 .text.lcdGetCursorY
                0x0000000000000000        0xa ./User/main.o
 .text.lcdOrientation
                0x0000000000000000       0xfe ./User/main.o
 .text.DrawScaledPixel
                0x0000000000000000       0x6e ./User/main.o
 .text.DrawScaledLine
                0x0000000000000000       0x82 ./User/main.o
 .text.BresenhamCircle
                0x0000000000000000      0x11c ./User/main.o
 .text.lcdEllipse
                0x0000000000000000       0xa6 ./User/main.o
 .text.lcdRectangle
                0x0000000000000000      0x188 ./User/main.o
 .text.lcdDrawTile
                0x0000000000000000       0x8a ./User/main.o
 .text.scd41_shutdown
                0x0000000000000000       0x30 ./User/main.o
 .text          0x0000000000000000        0x0 ./User/system_ch32x035.o
 .data          0x0000000000000000        0x0 ./User/system_ch32x035.o
 .bss           0x0000000000000000        0x0 ./User/system_ch32x035.o
 .text          0x0000000000000000        0x0 ./Startup/startup_ch32x035.o
 .data          0x0000000000000000        0x0 ./Startup/startup_ch32x035.o
 .bss           0x0000000000000000        0x0 ./Startup/startup_ch32x035.o
 .text          0x0000000000000000        0x0 ./Peripheral/src/ch32x035_adc.o
 .data          0x0000000000000000        0x0 ./Peripheral/src/ch32x035_adc.o
 .bss           0x0000000000000000        0x0 ./Peripheral/src/ch32x035_adc.o
 .text.ADC_StructInit
                0x0000000000000000       0x1e ./Peripheral/src/ch32x035_adc.o
 .text.ADC_DMACmd
                0x0000000000000000       0x12 ./Peripheral/src/ch32x035_adc.o
 .text.ADC_ITConfig
                0x0000000000000000       0x16 ./Peripheral/src/ch32x035_adc.o
 .text.ADC_GetSoftwareStartConvStatus
                0x0000000000000000        0x8 ./Peripheral/src/ch32x035_adc.o
 .text.ADC_DiscModeChannelCountConfig
                0x0000000000000000       0x12 ./Peripheral/src/ch32x035_adc.o
 .text.ADC_DiscModeCmd
                0x0000000000000000       0x1a ./Peripheral/src/ch32x035_adc.o
 .text.ADC_ExternalTrigConvCmd
                0x0000000000000000       0x18 ./Peripheral/src/ch32x035_adc.o
 .text.ADC_GetDualModeConversionValue
                0x0000000000000000        0xa ./Peripheral/src/ch32x035_adc.o
 .text.ADC_AutoInjectedConvCmd
                0x0000000000000000       0x12 ./Peripheral/src/ch32x035_adc.o
 .text.ADC_InjectedDiscModeCmd
                0x0000000000000000       0x14 ./Peripheral/src/ch32x035_adc.o
 .text.ADC_ExternalTrigInjectedConvConfig
                0x0000000000000000        0xe ./Peripheral/src/ch32x035_adc.o
 .text.ADC_ExternalTrigInjectedConvCmd
                0x0000000000000000       0x14 ./Peripheral/src/ch32x035_adc.o
 .text.ADC_SoftwareStartInjectedConvCmd
                0x0000000000000000       0x18 ./Peripheral/src/ch32x035_adc.o
 .text.ADC_GetSoftwareStartInjectedConvCmdStatus
                0x0000000000000000        0x8 ./Peripheral/src/ch32x035_adc.o
 .text.ADC_InjectedChannelConfig
                0x0000000000000000       0x7a ./Peripheral/src/ch32x035_adc.o
 .text.ADC_InjectedSequencerLengthConfig
                0x0000000000000000       0x14 ./Peripheral/src/ch32x035_adc.o
 .text.ADC_SetInjectedOffset
                0x0000000000000000       0x14 ./Peripheral/src/ch32x035_adc.o
 .text.ADC_GetInjectedConversionValue
                0x0000000000000000       0x1c ./Peripheral/src/ch32x035_adc.o
 .text.ADC_AnalogWatchdogCmd
                0x0000000000000000       0x12 ./Peripheral/src/ch32x035_adc.o
 .text.ADC_AnalogWatchdogThresholdsConfig
                0x0000000000000000        0x6 ./Peripheral/src/ch32x035_adc.o
 .text.ADC_AnalogWatchdog1ThresholdsConfig
                0x0000000000000000        0xc ./Peripheral/src/ch32x035_adc.o
 .text.ADC_AnalogWatchdog2ThresholdsConfig
                0x0000000000000000        0xc ./Peripheral/src/ch32x035_adc.o
 .text.ADC_AnalogWatchdog3ThresholdsConfig
                0x0000000000000000        0xc ./Peripheral/src/ch32x035_adc.o
 .text.ADC_AnalogWatchdogSingleChannelConfig
                0x0000000000000000        0xa ./Peripheral/src/ch32x035_adc.o
 .text.ADC_GetFlagStatus
                0x0000000000000000        0xa ./Peripheral/src/ch32x035_adc.o
 .text.ADC_ClearFlag
                0x0000000000000000        0x8 ./Peripheral/src/ch32x035_adc.o
 .text.ADC_GetITStatus
                0x0000000000000000       0x1c ./Peripheral/src/ch32x035_adc.o
 .text.ADC_ClearITPendingBit
                0x0000000000000000        0xa ./Peripheral/src/ch32x035_adc.o
 .text.ADC_AnalogWatchdogResetCmd
                0x0000000000000000       0x12 ./Peripheral/src/ch32x035_adc.o
 .text.ADC_AnalogWatchdogScanCmd
                0x0000000000000000       0x12 ./Peripheral/src/ch32x035_adc.o
 .text          0x0000000000000000        0x0 ./Peripheral/src/ch32x035_awu.o
 .data          0x0000000000000000        0x0 ./Peripheral/src/ch32x035_awu.o
 .bss           0x0000000000000000        0x0 ./Peripheral/src/ch32x035_awu.o
 .text.AutoWakeUpCmd
                0x0000000000000000       0x18 ./Peripheral/src/ch32x035_awu.o
 .text.AWU_SetPrescaler
                0x0000000000000000       0x12 ./Peripheral/src/ch32x035_awu.o
 .text.AWU_SetWindowValue
                0x0000000000000000       0x22 ./Peripheral/src/ch32x035_awu.o
 .debug_info    0x0000000000000000      0xa51 ./Peripheral/src/ch32x035_awu.o
 .debug_abbrev  0x0000000000000000      0x263 ./Peripheral/src/ch32x035_awu.o
 .debug_loc     0x0000000000000000       0x6c ./Peripheral/src/ch32x035_awu.o
 .debug_aranges
                0x0000000000000000       0x30 ./Peripheral/src/ch32x035_awu.o
 .debug_ranges  0x0000000000000000       0x20 ./Peripheral/src/ch32x035_awu.o
 .debug_line    0x0000000000000000      0x42b ./Peripheral/src/ch32x035_awu.o
 .debug_str     0x0000000000000000      0x632 ./Peripheral/src/ch32x035_awu.o
 .comment       0x0000000000000000       0x34 ./Peripheral/src/ch32x035_awu.o
 .debug_frame   0x0000000000000000       0x48 ./Peripheral/src/ch32x035_awu.o
 .text          0x0000000000000000        0x0 ./Peripheral/src/ch32x035_dbgmcu.o
 .data          0x0000000000000000        0x0 ./Peripheral/src/ch32x035_dbgmcu.o
 .bss           0x0000000000000000        0x0 ./Peripheral/src/ch32x035_dbgmcu.o
 .text.DBGMCU_GetREVID
                0x0000000000000000        0xa ./Peripheral/src/ch32x035_dbgmcu.o
 .text.DBGMCU_GetDEVID
                0x0000000000000000        0xa ./Peripheral/src/ch32x035_dbgmcu.o
 .text.__get_DEBUG_CR
                0x0000000000000000        0x6 ./Peripheral/src/ch32x035_dbgmcu.o
 .text.__set_DEBUG_CR
                0x0000000000000000        0x6 ./Peripheral/src/ch32x035_dbgmcu.o
 .text.DBGMCU_Config
                0x0000000000000000       0x14 ./Peripheral/src/ch32x035_dbgmcu.o
 .text.DBGMCU_GetCHIPID
                0x0000000000000000        0xa ./Peripheral/src/ch32x035_dbgmcu.o
 .debug_info    0x0000000000000000      0xa94 ./Peripheral/src/ch32x035_dbgmcu.o
 .debug_abbrev  0x0000000000000000      0x2f7 ./Peripheral/src/ch32x035_dbgmcu.o
 .debug_loc     0x0000000000000000       0x6e ./Peripheral/src/ch32x035_dbgmcu.o
 .debug_aranges
                0x0000000000000000       0x48 ./Peripheral/src/ch32x035_dbgmcu.o
 .debug_ranges  0x0000000000000000       0x50 ./Peripheral/src/ch32x035_dbgmcu.o
 .debug_line    0x0000000000000000      0x3e7 ./Peripheral/src/ch32x035_dbgmcu.o
 .debug_str     0x0000000000000000      0x63c ./Peripheral/src/ch32x035_dbgmcu.o
 .comment       0x0000000000000000       0x34 ./Peripheral/src/ch32x035_dbgmcu.o
 .debug_frame   0x0000000000000000       0x70 ./Peripheral/src/ch32x035_dbgmcu.o
 .text          0x0000000000000000        0x0 ./Peripheral/src/ch32x035_dma.o
 .data          0x0000000000000000        0x0 ./Peripheral/src/ch32x035_dma.o
 .bss           0x0000000000000000        0x0 ./Peripheral/src/ch32x035_dma.o
 .text.DMA_DeInit
                0x0000000000000000       0xa2 ./Peripheral/src/ch32x035_dma.o
 .text.DMA_Init
                0x0000000000000000       0x38 ./Peripheral/src/ch32x035_dma.o
 .text.DMA_StructInit
                0x0000000000000000       0x2e ./Peripheral/src/ch32x035_dma.o
 .text.DMA_Cmd  0x0000000000000000       0x14 ./Peripheral/src/ch32x035_dma.o
 .text.DMA_ITConfig
                0x0000000000000000       0x12 ./Peripheral/src/ch32x035_dma.o
 .text.DMA_SetCurrDataCounter
                0x0000000000000000        0x4 ./Peripheral/src/ch32x035_dma.o
 .text.DMA_GetCurrDataCounter
                0x0000000000000000        0x8 ./Peripheral/src/ch32x035_dma.o
 .text.DMA_GetFlagStatus
                0x0000000000000000        0xe ./Peripheral/src/ch32x035_dma.o
 .text.DMA_ClearFlag
                0x0000000000000000        0x8 ./Peripheral/src/ch32x035_dma.o
 .text.DMA_GetITStatus
                0x0000000000000000       0x18 ./Peripheral/src/ch32x035_dma.o
 .text.DMA_ClearITPendingBit
                0x0000000000000000        0x8 ./Peripheral/src/ch32x035_dma.o
 .debug_info    0x0000000000000000      0xd17 ./Peripheral/src/ch32x035_dma.o
 .debug_abbrev  0x0000000000000000      0x302 ./Peripheral/src/ch32x035_dma.o
 .debug_loc     0x0000000000000000      0x155 ./Peripheral/src/ch32x035_dma.o
 .debug_aranges
                0x0000000000000000       0x60 ./Peripheral/src/ch32x035_dma.o
 .debug_ranges  0x0000000000000000       0x50 ./Peripheral/src/ch32x035_dma.o
 .debug_line    0x0000000000000000      0x825 ./Peripheral/src/ch32x035_dma.o
 .debug_str     0x0000000000000000      0x7e9 ./Peripheral/src/ch32x035_dma.o
 .comment       0x0000000000000000       0x34 ./Peripheral/src/ch32x035_dma.o
 .debug_frame   0x0000000000000000       0xcc ./Peripheral/src/ch32x035_dma.o
 .text          0x0000000000000000        0x0 ./Peripheral/src/ch32x035_exti.o
 .data          0x0000000000000000        0x0 ./Peripheral/src/ch32x035_exti.o
 .bss           0x0000000000000000        0x0 ./Peripheral/src/ch32x035_exti.o
 .text.EXTI_DeInit
                0x0000000000000000       0x22 ./Peripheral/src/ch32x035_exti.o
 .text.EXTI_Init
                0x0000000000000000       0x6a ./Peripheral/src/ch32x035_exti.o
 .text.EXTI_StructInit
                0x0000000000000000       0x12 ./Peripheral/src/ch32x035_exti.o
 .text.EXTI_GenerateSWInterrupt
                0x0000000000000000       0x10 ./Peripheral/src/ch32x035_exti.o
 .text.EXTI_GetFlagStatus
                0x0000000000000000       0x12 ./Peripheral/src/ch32x035_exti.o
 .text.EXTI_ClearFlag
                0x0000000000000000        0xa ./Peripheral/src/ch32x035_exti.o
 .text.EXTI_GetITStatus
                0x0000000000000000       0x1e ./Peripheral/src/ch32x035_exti.o
 .text.EXTI_ClearITPendingBit
                0x0000000000000000        0xa ./Peripheral/src/ch32x035_exti.o
 .debug_info    0x0000000000000000      0xc05 ./Peripheral/src/ch32x035_exti.o
 .debug_abbrev  0x0000000000000000      0x2da ./Peripheral/src/ch32x035_exti.o
 .debug_loc     0x0000000000000000      0x181 ./Peripheral/src/ch32x035_exti.o
 .debug_aranges
                0x0000000000000000       0x50 ./Peripheral/src/ch32x035_exti.o
 .debug_ranges  0x0000000000000000       0x40 ./Peripheral/src/ch32x035_exti.o
 .debug_line    0x0000000000000000      0x63a ./Peripheral/src/ch32x035_exti.o
 .debug_str     0x0000000000000000      0x783 ./Peripheral/src/ch32x035_exti.o
 .comment       0x0000000000000000       0x34 ./Peripheral/src/ch32x035_exti.o
 .debug_frame   0x0000000000000000       0x90 ./Peripheral/src/ch32x035_exti.o
 .text          0x0000000000000000        0x0 ./Peripheral/src/ch32x035_flash.o
 .data          0x0000000000000000        0x0 ./Peripheral/src/ch32x035_flash.o
 .bss           0x0000000000000000        0x0 ./Peripheral/src/ch32x035_flash.o
 .text.ROM_ERASE
                0x0000000000000000       0xaa ./Peripheral/src/ch32x035_flash.o
 .text.FLASH_SetLatency
                0x0000000000000000       0x10 ./Peripheral/src/ch32x035_flash.o
 .text.FLASH_Unlock
                0x0000000000000000       0x1a ./Peripheral/src/ch32x035_flash.o
 .text.FLASH_Lock
                0x0000000000000000        0xe ./Peripheral/src/ch32x035_flash.o
 .text.FLASH_GetUserOptionByte
                0x0000000000000000        0xa ./Peripheral/src/ch32x035_flash.o
 .text.FLASH_GetWriteProtectionOptionByte
                0x0000000000000000        0x8 ./Peripheral/src/ch32x035_flash.o
 .text.FLASH_GetReadOutProtectionStatus
                0x0000000000000000        0xc ./Peripheral/src/ch32x035_flash.o
 .text.FLASH_ITConfig
                0x0000000000000000       0x1e ./Peripheral/src/ch32x035_flash.o
 .text.FLASH_GetFlagStatus
                0x0000000000000000       0x1e ./Peripheral/src/ch32x035_flash.o
 .text.FLASH_ClearFlag
                0x0000000000000000        0x8 ./Peripheral/src/ch32x035_flash.o
 .text.FLASH_GetStatus
                0x0000000000000000       0x18 ./Peripheral/src/ch32x035_flash.o
 .text.FLASH_GetBank1Status
                0x0000000000000000       0x18 ./Peripheral/src/ch32x035_flash.o
 .text.FLASH_WaitForLastOperation
                0x0000000000000000       0x34 ./Peripheral/src/ch32x035_flash.o
 .text.FLASH_ErasePage
                0x0000000000000000       0x4c ./Peripheral/src/ch32x035_flash.o
 .text.FLASH_EraseAllPages
                0x0000000000000000       0x48 ./Peripheral/src/ch32x035_flash.o
 .text.FLASH_EraseOptionBytes
                0x0000000000000000       0x76 ./Peripheral/src/ch32x035_flash.o
 .text.FLASH_WaitForLastBank1Operation
                0x0000000000000000       0x18 ./Peripheral/src/ch32x035_flash.o
 .text.FLASH_Unlock_Fast
                0x0000000000000000       0x1e ./Peripheral/src/ch32x035_flash.o
 .text.FLASH_Lock_Fast
                0x0000000000000000        0xe ./Peripheral/src/ch32x035_flash.o
 .text.FLASH_BufReset
                0x0000000000000000       0x28 ./Peripheral/src/ch32x035_flash.o
 .text.FLASH_BufLoad
                0x0000000000000000       0x2a ./Peripheral/src/ch32x035_flash.o
 .text.FLASH_ErasePage_Fast
                0x0000000000000000       0x2a ./Peripheral/src/ch32x035_flash.o
 .text.FLASH_EraseBlock_32K_Fast
                0x0000000000000000       0x30 ./Peripheral/src/ch32x035_flash.o
 .text.FLASH_ProgramPage_Fast
                0x0000000000000000       0x28 ./Peripheral/src/ch32x035_flash.o
 .text.FLASH_OptionBytePR
                0x0000000000000000       0x60 ./Peripheral/src/ch32x035_flash.o
 .text.FLASH_EnableWriteProtection
                0x0000000000000000       0xa6 ./Peripheral/src/ch32x035_flash.o
 .text.FLASH_EnableReadOutProtection
                0x0000000000000000       0x64 ./Peripheral/src/ch32x035_flash.o
 .text.FLASH_UserOptionByteConfig
                0x0000000000000000       0x62 ./Peripheral/src/ch32x035_flash.o
 .text.SystemReset_StartMode
                0x0000000000000000       0x56 ./Peripheral/src/ch32x035_flash.o
 .text.FLASH_ROM_ERASE
                0x0000000000000000      0x1ae ./Peripheral/src/ch32x035_flash.o
 .text.FLASH_ROM_WRITE
                0x0000000000000000       0xec ./Peripheral/src/ch32x035_flash.o
 .debug_info    0x0000000000000000     0x13fb ./Peripheral/src/ch32x035_flash.o
 .debug_abbrev  0x0000000000000000      0x477 ./Peripheral/src/ch32x035_flash.o
 .debug_loc     0x0000000000000000      0xb02 ./Peripheral/src/ch32x035_flash.o
 .debug_aranges
                0x0000000000000000      0x108 ./Peripheral/src/ch32x035_flash.o
 .debug_ranges  0x0000000000000000       0xf8 ./Peripheral/src/ch32x035_flash.o
 .debug_line    0x0000000000000000     0x1b9f ./Peripheral/src/ch32x035_flash.o
 .debug_str     0x0000000000000000      0xa7a ./Peripheral/src/ch32x035_flash.o
 .comment       0x0000000000000000       0x34 ./Peripheral/src/ch32x035_flash.o
 .debug_frame   0x0000000000000000      0x2e8 ./Peripheral/src/ch32x035_flash.o
 .text          0x0000000000000000        0x0 ./Peripheral/src/ch32x035_gpio.o
 .data          0x0000000000000000        0x0 ./Peripheral/src/ch32x035_gpio.o
 .bss           0x0000000000000000        0x0 ./Peripheral/src/ch32x035_gpio.o
 .text.GPIO_DeInit
                0x0000000000000000       0x64 ./Peripheral/src/ch32x035_gpio.o
 .text.GPIO_AFIODeInit
                0x0000000000000000       0x28 ./Peripheral/src/ch32x035_gpio.o
 .text.GPIO_StructInit
                0x0000000000000000       0x12 ./Peripheral/src/ch32x035_gpio.o
 .text.GPIO_ReadInputDataBit
                0x0000000000000000        0xa ./Peripheral/src/ch32x035_gpio.o
 .text.GPIO_ReadInputData
                0x0000000000000000        0x4 ./Peripheral/src/ch32x035_gpio.o
 .text.GPIO_ReadOutputDataBit
                0x0000000000000000        0xa ./Peripheral/src/ch32x035_gpio.o
 .text.GPIO_ReadOutputData
                0x0000000000000000        0x4 ./Peripheral/src/ch32x035_gpio.o
 .text.GPIO_SetBits
                0x0000000000000000       0x16 ./Peripheral/src/ch32x035_gpio.o
 .text.GPIO_ResetBits
                0x0000000000000000        0x4 ./Peripheral/src/ch32x035_gpio.o
 .text.GPIO_WriteBit
                0x0000000000000000       0x1c ./Peripheral/src/ch32x035_gpio.o
 .text.GPIO_Write
                0x0000000000000000        0x4 ./Peripheral/src/ch32x035_gpio.o
 .text.GPIO_PinLockConfig
                0x0000000000000000       0x12 ./Peripheral/src/ch32x035_gpio.o
 .text.GPIO_PinRemapConfig
                0x0000000000000000       0xa0 ./Peripheral/src/ch32x035_gpio.o
 .text.GPIO_EXTILineConfig
                0x0000000000000000       0x2e ./Peripheral/src/ch32x035_gpio.o
 .text.GPIO_IPD_Unused
                0x0000000000000000      0x1f8 ./Peripheral/src/ch32x035_gpio.o
 .text          0x0000000000000000        0x0 ./Peripheral/src/ch32x035_i2c.o
 .data          0x0000000000000000        0x0 ./Peripheral/src/ch32x035_i2c.o
 .bss           0x0000000000000000        0x0 ./Peripheral/src/ch32x035_i2c.o
 .text.I2C_DeInit
                0x0000000000000000       0x3a ./Peripheral/src/ch32x035_i2c.o
 .text.I2C_Init
                0x0000000000000000       0xfa ./Peripheral/src/ch32x035_i2c.o
 .text.I2C_StructInit
                0x0000000000000000       0x1a ./Peripheral/src/ch32x035_i2c.o
 .text.I2C_Cmd  0x0000000000000000       0x1c ./Peripheral/src/ch32x035_i2c.o
 .text.I2C_DMACmd
                0x0000000000000000       0x22 ./Peripheral/src/ch32x035_i2c.o
 .text.I2C_DMALastTransferCmd
                0x0000000000000000       0x1c ./Peripheral/src/ch32x035_i2c.o
 .text.I2C_GenerateSTART
                0x0000000000000000       0x1e ./Peripheral/src/ch32x035_i2c.o
 .text.I2C_GenerateSTOP
                0x0000000000000000       0x1e ./Peripheral/src/ch32x035_i2c.o
 .text.I2C_AcknowledgeConfig
                0x0000000000000000       0x1e ./Peripheral/src/ch32x035_i2c.o
 .text.I2C_OwnAddress2Config
                0x0000000000000000       0x18 ./Peripheral/src/ch32x035_i2c.o
 .text.I2C_DualAddressCmd
                0x0000000000000000       0x1c ./Peripheral/src/ch32x035_i2c.o
 .text.I2C_GeneralCallCmd
                0x0000000000000000       0x1e ./Peripheral/src/ch32x035_i2c.o
 .text.I2C_ITConfig
                0x0000000000000000       0x16 ./Peripheral/src/ch32x035_i2c.o
 .text.I2C_SendData
                0x0000000000000000        0x6 ./Peripheral/src/ch32x035_i2c.o
 .text.I2C_ReceiveData
                0x0000000000000000        0xa ./Peripheral/src/ch32x035_i2c.o
 .text.I2C_Send7bitAddress
                0x0000000000000000       0x14 ./Peripheral/src/ch32x035_i2c.o
 .text.I2C_ReadRegister
                0x0000000000000000       0x16 ./Peripheral/src/ch32x035_i2c.o
 .text.I2C_SoftwareResetCmd
                0x0000000000000000       0x16 ./Peripheral/src/ch32x035_i2c.o
 .text.I2C_NACKPositionConfig
                0x0000000000000000       0x26 ./Peripheral/src/ch32x035_i2c.o
 .text.I2C_TransmitPEC
                0x0000000000000000       0x1c ./Peripheral/src/ch32x035_i2c.o
 .text.I2C_PECPositionConfig
                0x0000000000000000       0x18 ./Peripheral/src/ch32x035_i2c.o
 .text.I2C_CalculatePEC
                0x0000000000000000       0x1e ./Peripheral/src/ch32x035_i2c.o
 .text.I2C_GetPEC
                0x0000000000000000        0x8 ./Peripheral/src/ch32x035_i2c.o
 .text.I2C_ARPCmd
                0x0000000000000000       0x1c ./Peripheral/src/ch32x035_i2c.o
 .text.I2C_StretchClockCmd
                0x0000000000000000       0x1e ./Peripheral/src/ch32x035_i2c.o
 .text.I2C_FastModeDutyCycleConfig
                0x0000000000000000       0x20 ./Peripheral/src/ch32x035_i2c.o
 .text.I2C_CheckEvent
                0x0000000000000000       0x1a ./Peripheral/src/ch32x035_i2c.o
 .text.I2C_GetLastEvent
                0x0000000000000000       0x12 ./Peripheral/src/ch32x035_i2c.o
 .text.I2C_GetFlagStatus
                0x0000000000000000       0x32 ./Peripheral/src/ch32x035_i2c.o
 .text.I2C_ClearFlag
                0x0000000000000000        0xe ./Peripheral/src/ch32x035_i2c.o
 .text.I2C_GetITStatus
                0x0000000000000000       0x24 ./Peripheral/src/ch32x035_i2c.o
 .text.I2C_ClearITPendingBit
                0x0000000000000000        0xe ./Peripheral/src/ch32x035_i2c.o
 .debug_info    0x0000000000000000     0x140a ./Peripheral/src/ch32x035_i2c.o
 .debug_abbrev  0x0000000000000000      0x38b ./Peripheral/src/ch32x035_i2c.o
 .debug_loc     0x0000000000000000      0x75e ./Peripheral/src/ch32x035_i2c.o
 .debug_aranges
                0x0000000000000000      0x108 ./Peripheral/src/ch32x035_i2c.o
 .debug_ranges  0x0000000000000000       0xf8 ./Peripheral/src/ch32x035_i2c.o
 .debug_line    0x0000000000000000     0x10d4 ./Peripheral/src/ch32x035_i2c.o
 .debug_str     0x0000000000000000      0xa97 ./Peripheral/src/ch32x035_i2c.o
 .comment       0x0000000000000000       0x34 ./Peripheral/src/ch32x035_i2c.o
 .debug_frame   0x0000000000000000      0x254 ./Peripheral/src/ch32x035_i2c.o
 .text          0x0000000000000000        0x0 ./Peripheral/src/ch32x035_iwdg.o
 .data          0x0000000000000000        0x0 ./Peripheral/src/ch32x035_iwdg.o
 .bss           0x0000000000000000        0x0 ./Peripheral/src/ch32x035_iwdg.o
 .text.IWDG_WriteAccessCmd
                0x0000000000000000        0x8 ./Peripheral/src/ch32x035_iwdg.o
 .text.IWDG_SetPrescaler
                0x0000000000000000        0x8 ./Peripheral/src/ch32x035_iwdg.o
 .text.IWDG_SetReload
                0x0000000000000000        0x8 ./Peripheral/src/ch32x035_iwdg.o
 .text.IWDG_ReloadCounter
                0x0000000000000000        0xe ./Peripheral/src/ch32x035_iwdg.o
 .text.IWDG_Enable
                0x0000000000000000        0xe ./Peripheral/src/ch32x035_iwdg.o
 .text.IWDG_GetFlagStatus
                0x0000000000000000        0xe ./Peripheral/src/ch32x035_iwdg.o
 .debug_info    0x0000000000000000      0xaae ./Peripheral/src/ch32x035_iwdg.o
 .debug_abbrev  0x0000000000000000      0x282 ./Peripheral/src/ch32x035_iwdg.o
 .debug_loc     0x0000000000000000       0x68 ./Peripheral/src/ch32x035_iwdg.o
 .debug_aranges
                0x0000000000000000       0x48 ./Peripheral/src/ch32x035_iwdg.o
 .debug_ranges  0x0000000000000000       0x38 ./Peripheral/src/ch32x035_iwdg.o
 .debug_line    0x0000000000000000      0x415 ./Peripheral/src/ch32x035_iwdg.o
 .debug_str     0x0000000000000000      0x695 ./Peripheral/src/ch32x035_iwdg.o
 .comment       0x0000000000000000       0x34 ./Peripheral/src/ch32x035_iwdg.o
 .debug_frame   0x0000000000000000       0x70 ./Peripheral/src/ch32x035_iwdg.o
 .text          0x0000000000000000        0x0 ./Peripheral/src/ch32x035_misc.o
 .data          0x0000000000000000        0x0 ./Peripheral/src/ch32x035_misc.o
 .bss           0x0000000000000000        0x0 ./Peripheral/src/ch32x035_misc.o
 .text.NVIC_Init
                0x0000000000000000       0xbc ./Peripheral/src/ch32x035_misc.o
 .text          0x0000000000000000        0x0 ./Peripheral/src/ch32x035_opa.o
 .data          0x0000000000000000        0x0 ./Peripheral/src/ch32x035_opa.o
 .bss           0x0000000000000000        0x0 ./Peripheral/src/ch32x035_opa.o
 .text.OPA_Unlock
                0x0000000000000000       0x1a ./Peripheral/src/ch32x035_opa.o
 .text.OPA_Lock
                0x0000000000000000       0x10 ./Peripheral/src/ch32x035_opa.o
 .text.OPA_POLL_Unlock
                0x0000000000000000       0x1a ./Peripheral/src/ch32x035_opa.o
 .text.OPA_POLL_Lock
                0x0000000000000000       0x12 ./Peripheral/src/ch32x035_opa.o
 .text.OPA_CMP_Unlock
                0x0000000000000000       0x1a ./Peripheral/src/ch32x035_opa.o
 .text.OPA_CMP_Lock
                0x0000000000000000       0x26 ./Peripheral/src/ch32x035_opa.o
 .text.OPA_Init
                0x0000000000000000       0xce ./Peripheral/src/ch32x035_opa.o
 .text.OPA_StructInit
                0x0000000000000000       0x3a ./Peripheral/src/ch32x035_opa.o
 .text.OPA_Cmd  0x0000000000000000       0x28 ./Peripheral/src/ch32x035_opa.o
 .text.OPA_CMP_Init
                0x0000000000000000       0x7e ./Peripheral/src/ch32x035_opa.o
 .text.OPA_CMP_StructInit
                0x0000000000000000       0x16 ./Peripheral/src/ch32x035_opa.o
 .text.OPA_CMP_Cmd
                0x0000000000000000       0x32 ./Peripheral/src/ch32x035_opa.o
 .text.OPA_GetFlagStatus
                0x0000000000000000       0x10 ./Peripheral/src/ch32x035_opa.o
 .text.OPA_ClearFlag
                0x0000000000000000       0x14 ./Peripheral/src/ch32x035_opa.o
 .sbss.CTLR2_tmp
                0x0000000000000000        0x4 ./Peripheral/src/ch32x035_opa.o
 .debug_info    0x0000000000000000     0x10a6 ./Peripheral/src/ch32x035_opa.o
 .debug_abbrev  0x0000000000000000      0x2ca ./Peripheral/src/ch32x035_opa.o
 .debug_loc     0x0000000000000000      0x208 ./Peripheral/src/ch32x035_opa.o
 .debug_aranges
                0x0000000000000000       0x88 ./Peripheral/src/ch32x035_opa.o
 .debug_ranges  0x0000000000000000       0x78 ./Peripheral/src/ch32x035_opa.o
 .debug_line    0x0000000000000000      0xb95 ./Peripheral/src/ch32x035_opa.o
 .debug_str     0x0000000000000000      0xbe6 ./Peripheral/src/ch32x035_opa.o
 .comment       0x0000000000000000       0x34 ./Peripheral/src/ch32x035_opa.o
 .debug_frame   0x0000000000000000       0xf0 ./Peripheral/src/ch32x035_opa.o
 .text          0x0000000000000000        0x0 ./Peripheral/src/ch32x035_pwr.o
 .data          0x0000000000000000        0x0 ./Peripheral/src/ch32x035_pwr.o
 .bss           0x0000000000000000        0x0 ./Peripheral/src/ch32x035_pwr.o
 .text.PWR_DeInit
                0x0000000000000000       0x2c ./Peripheral/src/ch32x035_pwr.o
 .text.PWR_PVDLevelConfig
                0x0000000000000000       0x10 ./Peripheral/src/ch32x035_pwr.o
 .text.PWR_EnterSTOPMode
                0x0000000000000000       0x7a ./Peripheral/src/ch32x035_pwr.o
 .text.PWR_EnterSTANDBYMode
                0x0000000000000000       0x2c ./Peripheral/src/ch32x035_pwr.o
 .text.PWR_GetFlagStatus
                0x0000000000000000        0xe ./Peripheral/src/ch32x035_pwr.o
 .text.PWR_VDD_SupplyVoltage
                0x0000000000000000       0x56 ./Peripheral/src/ch32x035_pwr.o
 .debug_info    0x0000000000000000      0xeae ./Peripheral/src/ch32x035_pwr.o
 .debug_abbrev  0x0000000000000000      0x344 ./Peripheral/src/ch32x035_pwr.o
 .debug_loc     0x0000000000000000      0x11e ./Peripheral/src/ch32x035_pwr.o
 .debug_aranges
                0x0000000000000000       0x48 ./Peripheral/src/ch32x035_pwr.o
 .debug_ranges  0x0000000000000000       0x78 ./Peripheral/src/ch32x035_pwr.o
 .debug_line    0x0000000000000000      0x656 ./Peripheral/src/ch32x035_pwr.o
 .debug_str     0x0000000000000000      0x7c1 ./Peripheral/src/ch32x035_pwr.o
 .comment       0x0000000000000000       0x34 ./Peripheral/src/ch32x035_pwr.o
 .debug_frame   0x0000000000000000       0x8c ./Peripheral/src/ch32x035_pwr.o
 .text          0x0000000000000000        0x0 ./Peripheral/src/ch32x035_rcc.o
 .data          0x0000000000000000        0x0 ./Peripheral/src/ch32x035_rcc.o
 .bss           0x0000000000000000        0x0 ./Peripheral/src/ch32x035_rcc.o
 .text.RCC_DeInit
                0x0000000000000000       0x24 ./Peripheral/src/ch32x035_rcc.o
 .text.RCC_AdjustHSICalibrationValue
                0x0000000000000000       0x12 ./Peripheral/src/ch32x035_rcc.o
 .text.RCC_HSICmd
                0x0000000000000000       0x14 ./Peripheral/src/ch32x035_rcc.o
 .text.RCC_HCLKConfig
                0x0000000000000000       0x10 ./Peripheral/src/ch32x035_rcc.o
 .text.RCC_GetClocksFreq
                0x0000000000000000       0x40 ./Peripheral/src/ch32x035_rcc.o
 .text.RCC_AHBPeriphClockCmd
                0x0000000000000000       0x1e ./Peripheral/src/ch32x035_rcc.o
 .text.RCC_APB1PeriphClockCmd
                0x0000000000000000       0x1e ./Peripheral/src/ch32x035_rcc.o
 .text.RCC_AHBPeriphResetCmd
                0x0000000000000000       0x18 ./Peripheral/src/ch32x035_rcc.o
 .text.RCC_APB1PeriphResetCmd
                0x0000000000000000       0x1e ./Peripheral/src/ch32x035_rcc.o
 .text.RCC_MCOConfig
                0x0000000000000000        0xa ./Peripheral/src/ch32x035_rcc.o
 .text.RCC_GetFlagStatus
                0x0000000000000000       0x20 ./Peripheral/src/ch32x035_rcc.o
 .text.RCC_ClearFlag
                0x0000000000000000       0x10 ./Peripheral/src/ch32x035_rcc.o
 .data.APBAHBPrescTable
                0x0000000000000000       0x10 ./Peripheral/src/ch32x035_rcc.o
 .text          0x0000000000000000        0x0 ./Peripheral/src/ch32x035_spi.o
 .data          0x0000000000000000        0x0 ./Peripheral/src/ch32x035_spi.o
 .bss           0x0000000000000000        0x0 ./Peripheral/src/ch32x035_spi.o
 .text.SPI_I2S_DeInit
                0x0000000000000000       0x32 ./Peripheral/src/ch32x035_spi.o
 .text.SPI_Init
                0x0000000000000000       0x4a ./Peripheral/src/ch32x035_spi.o
 .text.SPI_StructInit
                0x0000000000000000       0x24 ./Peripheral/src/ch32x035_spi.o
 .text.SPI_Cmd  0x0000000000000000       0x1e ./Peripheral/src/ch32x035_spi.o
 .text.SPI_I2S_ITConfig
                0x0000000000000000       0x22 ./Peripheral/src/ch32x035_spi.o
 .text.SPI_I2S_DMACmd
                0x0000000000000000       0x16 ./Peripheral/src/ch32x035_spi.o
 .text.SPI_I2S_SendData
                0x0000000000000000        0x6 ./Peripheral/src/ch32x035_spi.o
 .text.SPI_I2S_ReceiveData
                0x0000000000000000        0x6 ./Peripheral/src/ch32x035_spi.o
 .text.SPI_NSSInternalSoftwareConfig
                0x0000000000000000       0x2a ./Peripheral/src/ch32x035_spi.o
 .text.SPI_SSOutputCmd
                0x0000000000000000       0x1c ./Peripheral/src/ch32x035_spi.o
 .text.SPI_DataSizeConfig
                0x0000000000000000       0x1c ./Peripheral/src/ch32x035_spi.o
 .text.SPI_TransmitCRC
                0x0000000000000000        0xe ./Peripheral/src/ch32x035_spi.o
 .text.SPI_CalculateCRC
                0x0000000000000000       0x1c ./Peripheral/src/ch32x035_spi.o
 .text.SPI_GetCRC
                0x0000000000000000       0x16 ./Peripheral/src/ch32x035_spi.o
 .text.SPI_GetCRCPolynomial
                0x0000000000000000        0x6 ./Peripheral/src/ch32x035_spi.o
 .text.SPI_BiDirectionalLineConfig
                0x0000000000000000       0x20 ./Peripheral/src/ch32x035_spi.o
 .text.SPI_I2S_GetFlagStatus
                0x0000000000000000        0xc ./Peripheral/src/ch32x035_spi.o
 .text.SPI_I2S_ClearFlag
                0x0000000000000000        0xe ./Peripheral/src/ch32x035_spi.o
 .text.SPI_I2S_GetITStatus
                0x0000000000000000       0x2c ./Peripheral/src/ch32x035_spi.o
 .text.SPI_I2S_ClearITPendingBit
                0x0000000000000000       0x16 ./Peripheral/src/ch32x035_spi.o
 .debug_info    0x0000000000000000     0x1072 ./Peripheral/src/ch32x035_spi.o
 .debug_abbrev  0x0000000000000000      0x303 ./Peripheral/src/ch32x035_spi.o
 .debug_loc     0x0000000000000000      0x429 ./Peripheral/src/ch32x035_spi.o
 .debug_aranges
                0x0000000000000000       0xb8 ./Peripheral/src/ch32x035_spi.o
 .debug_ranges  0x0000000000000000       0xa8 ./Peripheral/src/ch32x035_spi.o
 .debug_line    0x0000000000000000      0xa3b ./Peripheral/src/ch32x035_spi.o
 .debug_str     0x0000000000000000      0x92f ./Peripheral/src/ch32x035_spi.o
 .comment       0x0000000000000000       0x34 ./Peripheral/src/ch32x035_spi.o
 .debug_frame   0x0000000000000000      0x15c ./Peripheral/src/ch32x035_spi.o
 .text          0x0000000000000000        0x0 ./Peripheral/src/ch32x035_tim.o
 .data          0x0000000000000000        0x0 ./Peripheral/src/ch32x035_tim.o
 .bss           0x0000000000000000        0x0 ./Peripheral/src/ch32x035_tim.o
 .text.TI1_Config
                0x0000000000000000       0x62 ./Peripheral/src/ch32x035_tim.o
 .text.TI2_Config
                0x0000000000000000       0x72 ./Peripheral/src/ch32x035_tim.o
 .text.TIM_DeInit
                0x0000000000000000       0x76 ./Peripheral/src/ch32x035_tim.o
 .text.TIM_OC2Init
                0x0000000000000000       0xbc ./Peripheral/src/ch32x035_tim.o
 .text.TIM_OC3Init
                0x0000000000000000       0xba ./Peripheral/src/ch32x035_tim.o
 .text.TIM_OC4Init
                0x0000000000000000       0x8a ./Peripheral/src/ch32x035_tim.o
 .text.TIM_BDTRConfig
                0x0000000000000000       0x2e ./Peripheral/src/ch32x035_tim.o
 .text.TIM_TimeBaseStructInit
                0x0000000000000000       0x18 ./Peripheral/src/ch32x035_tim.o
 .text.TIM_OCStructInit
                0x0000000000000000       0x22 ./Peripheral/src/ch32x035_tim.o
 .text.TIM_ICStructInit
                0x0000000000000000       0x18 ./Peripheral/src/ch32x035_tim.o
 .text.TIM_BDTRStructInit
                0x0000000000000000       0x1e ./Peripheral/src/ch32x035_tim.o
 .text.TIM_ITConfig
                0x0000000000000000       0x16 ./Peripheral/src/ch32x035_tim.o
 .text.TIM_GenerateEvent
                0x0000000000000000        0x6 ./Peripheral/src/ch32x035_tim.o
 .text.TIM_DMAConfig
                0x0000000000000000        0x8 ./Peripheral/src/ch32x035_tim.o
 .text.TIM_DMACmd
                0x0000000000000000       0x18 ./Peripheral/src/ch32x035_tim.o
 .text.TIM_InternalClockConfig
                0x0000000000000000       0x14 ./Peripheral/src/ch32x035_tim.o
 .text.TIM_ITRxExternalClockConfig
                0x0000000000000000       0x20 ./Peripheral/src/ch32x035_tim.o
 .text.TIM_TIxExternalClockConfig
                0x0000000000000000       0x50 ./Peripheral/src/ch32x035_tim.o
 .text.TIM_ETRConfig
                0x0000000000000000       0x1a ./Peripheral/src/ch32x035_tim.o
 .text.TIM_ETRClockMode1Config
                0x0000000000000000       0x2e ./Peripheral/src/ch32x035_tim.o
 .text.TIM_ETRClockMode2Config
                0x0000000000000000       0x26 ./Peripheral/src/ch32x035_tim.o
 .text.TIM_PrescalerConfig
                0x0000000000000000        0xa ./Peripheral/src/ch32x035_tim.o
 .text.TIM_CounterModeConfig
                0x0000000000000000       0x14 ./Peripheral/src/ch32x035_tim.o
 .text.TIM_SelectInputTrigger
                0x0000000000000000       0x14 ./Peripheral/src/ch32x035_tim.o
 .text.TIM_EncoderInterfaceConfig
                0x0000000000000000       0x46 ./Peripheral/src/ch32x035_tim.o
 .text.TIM_ForcedOC1Config
                0x0000000000000000       0x14 ./Peripheral/src/ch32x035_tim.o
 .text.TIM_ForcedOC2Config
                0x0000000000000000       0x18 ./Peripheral/src/ch32x035_tim.o
 .text.TIM_ForcedOC3Config
                0x0000000000000000       0x14 ./Peripheral/src/ch32x035_tim.o
 .text.TIM_ForcedOC4Config
                0x0000000000000000       0x18 ./Peripheral/src/ch32x035_tim.o
 .text.TIM_SelectCOM
                0x0000000000000000       0x1c ./Peripheral/src/ch32x035_tim.o
 .text.TIM_SelectCCDMA
                0x0000000000000000       0x1c ./Peripheral/src/ch32x035_tim.o
 .text.TIM_CCPreloadControl
                0x0000000000000000       0x1c ./Peripheral/src/ch32x035_tim.o
 .text.TIM_OC2PreloadConfig
                0x0000000000000000       0x1a ./Peripheral/src/ch32x035_tim.o
 .text.TIM_OC3PreloadConfig
                0x0000000000000000       0x12 ./Peripheral/src/ch32x035_tim.o
 .text.TIM_OC4PreloadConfig
                0x0000000000000000       0x1a ./Peripheral/src/ch32x035_tim.o
 .text.TIM_OC1FastConfig
                0x0000000000000000       0x12 ./Peripheral/src/ch32x035_tim.o
 .text.TIM_OC2FastConfig
                0x0000000000000000       0x1a ./Peripheral/src/ch32x035_tim.o
 .text.TIM_OC3FastConfig
                0x0000000000000000       0x12 ./Peripheral/src/ch32x035_tim.o
 .text.TIM_OC4FastConfig
                0x0000000000000000       0x1a ./Peripheral/src/ch32x035_tim.o
 .text.TIM_ClearOC1Ref
                0x0000000000000000       0x14 ./Peripheral/src/ch32x035_tim.o
 .text.TIM_ClearOC2Ref
                0x0000000000000000       0x16 ./Peripheral/src/ch32x035_tim.o
 .text.TIM_ClearOC3Ref
                0x0000000000000000       0x14 ./Peripheral/src/ch32x035_tim.o
 .text.TIM_ClearOC4Ref
                0x0000000000000000       0x16 ./Peripheral/src/ch32x035_tim.o
 .text.TIM_OC1PolarityConfig
                0x0000000000000000       0x12 ./Peripheral/src/ch32x035_tim.o
 .text.TIM_OC1NPolarityConfig
                0x0000000000000000       0x12 ./Peripheral/src/ch32x035_tim.o
 .text.TIM_OC2PolarityConfig
                0x0000000000000000       0x1a ./Peripheral/src/ch32x035_tim.o
 .text.TIM_OC2NPolarityConfig
                0x0000000000000000       0x1a ./Peripheral/src/ch32x035_tim.o
 .text.TIM_OC3PolarityConfig
                0x0000000000000000       0x1a ./Peripheral/src/ch32x035_tim.o
 .text.TIM_OC3NPolarityConfig
                0x0000000000000000       0x1a ./Peripheral/src/ch32x035_tim.o
 .text.TIM_OC4PolarityConfig
                0x0000000000000000       0x18 ./Peripheral/src/ch32x035_tim.o
 .text.TIM_CCxCmd
                0x0000000000000000       0x28 ./Peripheral/src/ch32x035_tim.o
 .text.TIM_CCxNCmd
                0x0000000000000000       0x28 ./Peripheral/src/ch32x035_tim.o
 .text.TIM_SelectOCxM
                0x0000000000000000       0x50 ./Peripheral/src/ch32x035_tim.o
 .text.TIM_UpdateDisableConfig
                0x0000000000000000       0x1c ./Peripheral/src/ch32x035_tim.o
 .text.TIM_UpdateRequestConfig
                0x0000000000000000       0x1c ./Peripheral/src/ch32x035_tim.o
 .text.TIM_SelectHallSensor
                0x0000000000000000       0x1e ./Peripheral/src/ch32x035_tim.o
 .text.TIM_SelectOnePulseMode
                0x0000000000000000       0x1e ./Peripheral/src/ch32x035_tim.o
 .text.TIM_SelectOutputTrigger
                0x0000000000000000       0x20 ./Peripheral/src/ch32x035_tim.o
 .text.TIM_SelectSlaveMode
                0x0000000000000000       0x1e ./Peripheral/src/ch32x035_tim.o
 .text.TIM_SelectMasterSlaveMode
                0x0000000000000000       0x20 ./Peripheral/src/ch32x035_tim.o
 .text.TIM_SetCounter
                0x0000000000000000        0x6 ./Peripheral/src/ch32x035_tim.o
 .text.TIM_SetAutoreload
                0x0000000000000000        0x6 ./Peripheral/src/ch32x035_tim.o
 .text.TIM_SetCompare1
                0x0000000000000000        0x6 ./Peripheral/src/ch32x035_tim.o
 .text.TIM_SetCompare2
                0x0000000000000000        0x6 ./Peripheral/src/ch32x035_tim.o
 .text.TIM_SetCompare3
                0x0000000000000000        0x6 ./Peripheral/src/ch32x035_tim.o
 .text.TIM_SetCompare4
                0x0000000000000000        0x6 ./Peripheral/src/ch32x035_tim.o
 .text.TIM_SetIC1Prescaler
                0x0000000000000000       0x1e ./Peripheral/src/ch32x035_tim.o
 .text.TIM_SetIC2Prescaler
                0x0000000000000000       0x22 ./Peripheral/src/ch32x035_tim.o
 .text.TIM_PWMIConfig
                0x0000000000000000       0xa6 ./Peripheral/src/ch32x035_tim.o
 .text.TIM_SetIC3Prescaler
                0x0000000000000000       0x1e ./Peripheral/src/ch32x035_tim.o
 .text.TIM_SetIC4Prescaler
                0x0000000000000000       0x22 ./Peripheral/src/ch32x035_tim.o
 .text.TIM_ICInit
                0x0000000000000000      0x16a ./Peripheral/src/ch32x035_tim.o
 .text.TIM_SetClockDivision
                0x0000000000000000       0x20 ./Peripheral/src/ch32x035_tim.o
 .text.TIM_GetCapture1
                0x0000000000000000        0x6 ./Peripheral/src/ch32x035_tim.o
 .text.TIM_GetCapture2
                0x0000000000000000        0x6 ./Peripheral/src/ch32x035_tim.o
 .text.TIM_GetCapture3
                0x0000000000000000        0x6 ./Peripheral/src/ch32x035_tim.o
 .text.TIM_GetCapture4
                0x0000000000000000        0x6 ./Peripheral/src/ch32x035_tim.o
 .text.TIM_GetCounter
                0x0000000000000000        0x6 ./Peripheral/src/ch32x035_tim.o
 .text.TIM_GetPrescaler
                0x0000000000000000        0x6 ./Peripheral/src/ch32x035_tim.o
 .text.TIM_GetFlagStatus
                0x0000000000000000        0xc ./Peripheral/src/ch32x035_tim.o
 .text.TIM_ClearFlag
                0x0000000000000000        0xe ./Peripheral/src/ch32x035_tim.o
 .text.TIM_GetITStatus
                0x0000000000000000       0x1c ./Peripheral/src/ch32x035_tim.o
 .text.TIM_ClearITPendingBit
                0x0000000000000000        0xe ./Peripheral/src/ch32x035_tim.o
 .text.TIM_CaptureModeCmd
                0x0000000000000000       0x1c ./Peripheral/src/ch32x035_tim.o
 .text.TIM_IndicateCaptureLevelCmd
                0x0000000000000000       0x16 ./Peripheral/src/ch32x035_tim.o
 .text.TIM_OC12_SupersedeModeCmd
                0x0000000000000000       0x1c ./Peripheral/src/ch32x035_tim.o
 .text.TIM_OC34_SupersedeModeCmd
                0x0000000000000000       0x1c ./Peripheral/src/ch32x035_tim.o
 .text          0x0000000000000000        0x0 ./Peripheral/src/ch32x035_usart.o
 .data          0x0000000000000000        0x0 ./Peripheral/src/ch32x035_usart.o
 .bss           0x0000000000000000        0x0 ./Peripheral/src/ch32x035_usart.o
 .text.USART_DeInit
                0x0000000000000000       0x9e ./Peripheral/src/ch32x035_usart.o
 .text.USART_Init
                0x0000000000000000       0xb4 ./Peripheral/src/ch32x035_usart.o
 .text.USART_StructInit
                0x0000000000000000       0x18 ./Peripheral/src/ch32x035_usart.o
 .text.USART_ClockInit
                0x0000000000000000       0x2a ./Peripheral/src/ch32x035_usart.o
 .text.USART_ClockStructInit
                0x0000000000000000       0x12 ./Peripheral/src/ch32x035_usart.o
 .text.USART_Cmd
                0x0000000000000000       0x1c ./Peripheral/src/ch32x035_usart.o
 .text.USART_ITConfig
                0x0000000000000000       0x36 ./Peripheral/src/ch32x035_usart.o
 .text.USART_DMACmd
                0x0000000000000000       0x16 ./Peripheral/src/ch32x035_usart.o
 .text.USART_SetAddress
                0x0000000000000000       0x1e ./Peripheral/src/ch32x035_usart.o
 .text.USART_WakeUpConfig
                0x0000000000000000       0x1c ./Peripheral/src/ch32x035_usart.o
 .text.USART_ReceiverWakeUpCmd
                0x0000000000000000       0x1c ./Peripheral/src/ch32x035_usart.o
 .text.USART_LINBreakDetectLengthConfig
                0x0000000000000000       0x20 ./Peripheral/src/ch32x035_usart.o
 .text.USART_LINCmd
                0x0000000000000000       0x1c ./Peripheral/src/ch32x035_usart.o
 .text.USART_SendData
                0x0000000000000000        0xa ./Peripheral/src/ch32x035_usart.o
 .text.USART_ReceiveData
                0x0000000000000000        0xa ./Peripheral/src/ch32x035_usart.o
 .text.USART_SendBreak
                0x0000000000000000        0xe ./Peripheral/src/ch32x035_usart.o
 .text.USART_SetGuardTime
                0x0000000000000000       0x1a ./Peripheral/src/ch32x035_usart.o
 .text.USART_SetPrescaler
                0x0000000000000000       0x20 ./Peripheral/src/ch32x035_usart.o
 .text.USART_SmartCardCmd
                0x0000000000000000       0x1e ./Peripheral/src/ch32x035_usart.o
 .text.USART_SmartCardNACKCmd
                0x0000000000000000       0x1c ./Peripheral/src/ch32x035_usart.o
 .text.USART_HalfDuplexCmd
                0x0000000000000000       0x1c ./Peripheral/src/ch32x035_usart.o
 .text.USART_IrDAConfig
                0x0000000000000000       0x1e ./Peripheral/src/ch32x035_usart.o
 .text.USART_IrDACmd
                0x0000000000000000       0x1c ./Peripheral/src/ch32x035_usart.o
 .text.USART_GetFlagStatus
                0x0000000000000000        0xc ./Peripheral/src/ch32x035_usart.o
 .text.USART_ClearFlag
                0x0000000000000000        0xe ./Peripheral/src/ch32x035_usart.o
 .text.USART_GetITStatus
                0x0000000000000000       0x44 ./Peripheral/src/ch32x035_usart.o
 .text.USART_ClearITPendingBit
                0x0000000000000000       0x16 ./Peripheral/src/ch32x035_usart.o
 .debug_info    0x0000000000000000     0x1333 ./Peripheral/src/ch32x035_usart.o
 .debug_abbrev  0x0000000000000000      0x312 ./Peripheral/src/ch32x035_usart.o
 .debug_loc     0x0000000000000000      0x715 ./Peripheral/src/ch32x035_usart.o
 .debug_aranges
                0x0000000000000000       0xf0 ./Peripheral/src/ch32x035_usart.o
 .debug_ranges  0x0000000000000000       0xe0 ./Peripheral/src/ch32x035_usart.o
 .debug_line    0x0000000000000000      0xeda ./Peripheral/src/ch32x035_usart.o
 .debug_str     0x0000000000000000      0xacf ./Peripheral/src/ch32x035_usart.o
 .comment       0x0000000000000000       0x34 ./Peripheral/src/ch32x035_usart.o
 .debug_frame   0x0000000000000000      0x1e4 ./Peripheral/src/ch32x035_usart.o
 .text          0x0000000000000000        0x0 ./Peripheral/src/ch32x035_wwdg.o
 .data          0x0000000000000000        0x0 ./Peripheral/src/ch32x035_wwdg.o
 .bss           0x0000000000000000        0x0 ./Peripheral/src/ch32x035_wwdg.o
 .text.WWDG_DeInit
                0x0000000000000000       0x2e ./Peripheral/src/ch32x035_wwdg.o
 .text.WWDG_SetPrescaler
                0x0000000000000000       0x14 ./Peripheral/src/ch32x035_wwdg.o
 .text.WWDG_SetWindowValue
                0x0000000000000000       0x26 ./Peripheral/src/ch32x035_wwdg.o
 .text.WWDG_EnableIT
                0x0000000000000000       0x12 ./Peripheral/src/ch32x035_wwdg.o
 .text.WWDG_SetCounter
                0x0000000000000000        0xe ./Peripheral/src/ch32x035_wwdg.o
 .text.WWDG_Enable
                0x0000000000000000        0xe ./Peripheral/src/ch32x035_wwdg.o
 .text.WWDG_GetFlagStatus
                0x0000000000000000        0xa ./Peripheral/src/ch32x035_wwdg.o
 .text.WWDG_ClearFlag
                0x0000000000000000        0xa ./Peripheral/src/ch32x035_wwdg.o
 .debug_info    0x0000000000000000      0xb27 ./Peripheral/src/ch32x035_wwdg.o
 .debug_abbrev  0x0000000000000000      0x29d ./Peripheral/src/ch32x035_wwdg.o
 .debug_loc     0x0000000000000000       0xae ./Peripheral/src/ch32x035_wwdg.o
 .debug_aranges
                0x0000000000000000       0x58 ./Peripheral/src/ch32x035_wwdg.o
 .debug_ranges  0x0000000000000000       0x48 ./Peripheral/src/ch32x035_wwdg.o
 .debug_line    0x0000000000000000      0x4fd ./Peripheral/src/ch32x035_wwdg.o
 .debug_str     0x0000000000000000      0x6a8 ./Peripheral/src/ch32x035_wwdg.o
 .comment       0x0000000000000000       0x34 ./Peripheral/src/ch32x035_wwdg.o
 .debug_frame   0x0000000000000000       0xa4 ./Peripheral/src/ch32x035_wwdg.o
 .text          0x0000000000000000        0x0 ./Debug/debug.o
 .data          0x0000000000000000        0x0 ./Debug/debug.o
 .bss           0x0000000000000000        0x0 ./Debug/debug.o
 .text.USART_Printf_Init
                0x0000000000000000       0x72 ./Debug/debug.o
 .text.SDI_Printf_Enable
                0x0000000000000000       0x2a ./Debug/debug.o
 .text._write   0x0000000000000000       0x4e ./Debug/debug.o
 .text._sbrk    0x0000000000000000       0x2e ./Debug/debug.o
 .sdata.curbrk.4333
                0x0000000000000000        0x4 ./Debug/debug.o
 .text          0x0000000000000000        0x0 ./Core/core_riscv.o
 .data          0x0000000000000000        0x0 ./Core/core_riscv.o
 .bss           0x0000000000000000        0x0 ./Core/core_riscv.o
 .text.__get_MSTATUS
                0x0000000000000000        0x6 ./Core/core_riscv.o
 .text.__set_MSTATUS
                0x0000000000000000        0x6 ./Core/core_riscv.o
 .text.__get_MISA
                0x0000000000000000        0x6 ./Core/core_riscv.o
 .text.__set_MISA
                0x0000000000000000        0x6 ./Core/core_riscv.o
 .text.__get_MTVEC
                0x0000000000000000        0x6 ./Core/core_riscv.o
 .text.__set_MTVEC
                0x0000000000000000        0x6 ./Core/core_riscv.o
 .text.__get_MSCRATCH
                0x0000000000000000        0x6 ./Core/core_riscv.o
 .text.__set_MSCRATCH
                0x0000000000000000        0x6 ./Core/core_riscv.o
 .text.__get_MEPC
                0x0000000000000000        0x6 ./Core/core_riscv.o
 .text.__set_MEPC
                0x0000000000000000        0x6 ./Core/core_riscv.o
 .text.__get_MCAUSE
                0x0000000000000000        0x6 ./Core/core_riscv.o
 .text.__set_MCAUSE
                0x0000000000000000        0x6 ./Core/core_riscv.o
 .text.__get_MTVAL
                0x0000000000000000        0x6 ./Core/core_riscv.o
 .text.__set_MTVAL
                0x0000000000000000        0x6 ./Core/core_riscv.o
 .text.__get_MVENDORID
                0x0000000000000000        0x6 ./Core/core_riscv.o
 .text.__get_MARCHID
                0x0000000000000000        0x6 ./Core/core_riscv.o
 .text.__get_MIMPID
                0x0000000000000000        0x6 ./Core/core_riscv.o
 .text.__get_MHARTID
                0x0000000000000000        0x6 ./Core/core_riscv.o
 .text.__get_SP
                0x0000000000000000        0x4 ./Core/core_riscv.o
 .debug_info    0x0000000000000000      0x376 ./Core/core_riscv.o
 .debug_abbrev  0x0000000000000000       0xe0 ./Core/core_riscv.o
 .debug_aranges
                0x0000000000000000       0xb0 ./Core/core_riscv.o
 .debug_ranges  0x0000000000000000       0xa0 ./Core/core_riscv.o
 .debug_line    0x0000000000000000      0x492 ./Core/core_riscv.o
 .debug_str     0x0000000000000000      0x292 ./Core/core_riscv.o
 .comment       0x0000000000000000       0x34 ./Core/core_riscv.o
 .debug_frame   0x0000000000000000      0x140 ./Core/core_riscv.o
 .data          0x0000000000000000        0x0 /home/larry/MounRiver_Studio_Community_Linux_x64_V160/MRS_Community/toolchain/RISC-V Embedded GCC/bin/../lib/gcc/riscv-none-embed/8.2.0/rv32imac/ilp32/libgcc.a(save-restore.o)
 .bss           0x0000000000000000        0x0 /home/larry/MounRiver_Studio_Community_Linux_x64_V160/MRS_Community/toolchain/RISC-V Embedded GCC/bin/../lib/gcc/riscv-none-embed/8.2.0/rv32imac/ilp32/libgcc.a(save-restore.o)
 .eh_frame      0x0000000000000000       0xf8 /home/larry/MounRiver_Studio_Community_Linux_x64_V160/MRS_Community/toolchain/RISC-V Embedded GCC/bin/../lib/gcc/riscv-none-embed/8.2.0/rv32imac/ilp32/libgcc.a(save-restore.o)
 .text          0x0000000000000000        0x0 /home/larry/MounRiver_Studio_Community_Linux_x64_V160/MRS_Community/toolchain/RISC-V Embedded GCC/bin/../lib/gcc/riscv-none-embed/8.2.0/../../../../riscv-none-embed/lib/rv32imac/ilp32/libg_nano.a(lib_a-memcpy.o)
 .data          0x0000000000000000        0x0 /home/larry/MounRiver_Studio_Community_Linux_x64_V160/MRS_Community/toolchain/RISC-V Embedded GCC/bin/../lib/gcc/riscv-none-embed/8.2.0/../../../../riscv-none-embed/lib/rv32imac/ilp32/libg_nano.a(lib_a-memcpy.o)
 .bss           0x0000000000000000        0x0 /home/larry/MounRiver_Studio_Community_Linux_x64_V160/MRS_Community/toolchain/RISC-V Embedded GCC/bin/../lib/gcc/riscv-none-embed/8.2.0/../../../../riscv-none-embed/lib/rv32imac/ilp32/libg_nano.a(lib_a-memcpy.o)
 .data          0x0000000000000000        0x0 /home/larry/MounRiver_Studio_Community_Linux_x64_V160/MRS_Community/toolchain/RISC-V Embedded GCC/bin/../lib/gcc/riscv-none-embed/8.2.0/../../../../riscv-none-embed/lib/rv32imac/ilp32/libg_nano.a(lib_a-memset.o)
 .bss           0x0000000000000000        0x0 /home/larry/MounRiver_Studio_Community_Linux_x64_V160/MRS_Community/toolchain/RISC-V Embedded GCC/bin/../lib/gcc/riscv-none-embed/8.2.0/../../../../riscv-none-embed/lib/rv32imac/ilp32/libg_nano.a(lib_a-memset.o)

Memory Configuration

Name             Origin             Length             Attributes
FLASH            0x0000000000000000 0x000000000000f800 xr
RAM              0x0000000020000000 0x0000000000005000 xrw
*default*        0x0000000000000000 0xffffffffffffffff

Linker script and memory map

LOAD ./User/ch32x035_it.o
LOAD ./User/main.o
LOAD ./User/system_ch32x035.o
LOAD ./Startup/startup_ch32x035.o
LOAD ./Peripheral/src/ch32x035_adc.o
LOAD ./Peripheral/src/ch32x035_awu.o
LOAD ./Peripheral/src/ch32x035_dbgmcu.o
LOAD ./Peripheral/src/ch32x035_dma.o
LOAD ./Peripheral/src/ch32x035_exti.o
LOAD ./Peripheral/src/ch32x035_flash.o
LOAD ./Peripheral/src/ch32x035_gpio.o
LOAD ./Peripheral/src/ch32x035_i2c.o
LOAD ./Peripheral/src/ch32x035_iwdg.o
LOAD ./Peripheral/src/ch32x035_misc.o
LOAD ./Peripheral/src/ch32x035_opa.o
LOAD ./Peripheral/src/ch32x035_pwr.o
LOAD ./Peripheral/src/ch32x035_rcc.o
LOAD ./Peripheral/src/ch32x035_spi.o
LOAD ./Peripheral/src/ch32x035_tim.o
LOAD ./Peripheral/src/ch32x035_usart.o
LOAD ./Peripheral/src/ch32x035_wwdg.o
LOAD ./Debug/debug.o
LOAD ./Core/core_riscv.o
LOAD /home/larry/MounRiver_Studio_Community_Linux_x64_V160/MRS_Community/toolchain/RISC-V Embedded GCC/bin/../lib/gcc/riscv-none-embed/8.2.0/rv32imac/ilp32/libgcc.a
LOAD /home/larry/MounRiver_Studio_Community_Linux_x64_V160/MRS_Community/toolchain/RISC-V Embedded GCC/bin/../lib/gcc/riscv-none-embed/8.2.0/../../../../riscv-none-embed/lib/rv32imac/ilp32/libg_nano.a
LOAD /home/larry/MounRiver_Studio_Community_Linux_x64_V160/MRS_Community/toolchain/RISC-V Embedded GCC/bin/../lib/gcc/riscv-none-embed/8.2.0/../../../../riscv-none-embed/lib/rv32imac/ilp32/libc_nano.a
LOAD /home/larry/MounRiver_Studio_Community_Linux_x64_V160/MRS_Community/toolchain/RISC-V Embedded GCC/bin/../lib/gcc/riscv-none-embed/8.2.0/rv32imac/ilp32/libgcc.a
START GROUP
LOAD /home/larry/MounRiver_Studio_Community_Linux_x64_V160/MRS_Community/toolchain/RISC-V Embedded GCC/bin/../lib/gcc/riscv-none-embed/8.2.0/rv32imac/ilp32/libgcc.a
LOAD /home/larry/MounRiver_Studio_Community_Linux_x64_V160/MRS_Community/toolchain/RISC-V Embedded GCC/bin/../lib/gcc/riscv-none-embed/8.2.0/../../../../riscv-none-embed/lib/rv32imac/ilp32/libc_nano.a
LOAD /home/larry/MounRiver_Studio_Community_Linux_x64_V160/MRS_Community/toolchain/RISC-V Embedded GCC/bin/../lib/gcc/riscv-none-embed/8.2.0/../../../../riscv-none-embed/lib/rv32imac/ilp32/libnosys.a
END GROUP
START GROUP
LOAD /home/larry/MounRiver_Studio_Community_Linux_x64_V160/MRS_Community/toolchain/RISC-V Embedded GCC/bin/../lib/gcc/riscv-none-embed/8.2.0/rv32imac/ilp32/libgcc.a
LOAD /home/larry/MounRiver_Studio_Community_Linux_x64_V160/MRS_Community/toolchain/RISC-V Embedded GCC/bin/../lib/gcc/riscv-none-embed/8.2.0/../../../../riscv-none-embed/lib/rv32imac/ilp32/libc_nano.a
LOAD /home/larry/MounRiver_Studio_Community_Linux_x64_V160/MRS_Community/toolchain/RISC-V Embedded GCC/bin/../lib/gcc/riscv-none-embed/8.2.0/../../../../riscv-none-embed/lib/rv32imac/ilp32/libnosys.a
END GROUP
                0x0000000000000800                __stack_size = 0x800
                [!provide]                        PROVIDE (_stack_size = __stack_size)

.init           0x0000000000000000        0x4
                0x0000000000000000                _sinit = .
                0x0000000000000000                . = ALIGN (0x4)
 *(SORT_NONE(.init))
 .init          0x0000000000000000        0x4 ./Startup/startup_ch32x035.o
                0x0000000000000000                _start
                0x0000000000000004                . = ALIGN (0x4)
                0x0000000000000004                _einit = .

.vector         0x0000000000000004       0xfc
 *(.vector)
 .vector        0x0000000000000004       0xdc ./Startup/startup_ch32x035.o
                0x0000000000000100                . = ALIGN (0x40)
 *fill*         0x00000000000000e0       0x20 

.text           0x0000000000000100     0x34b4
                0x0000000000000100                . = ALIGN (0x4)
 *(.text)
 .text          0x0000000000000100       0x60 /home/larry/MounRiver_Studio_Community_Linux_x64_V160/MRS_Community/toolchain/RISC-V Embedded GCC/bin/../lib/gcc/riscv-none-embed/8.2.0/rv32imac/ilp32/libgcc.a(save-restore.o)
                0x0000000000000100                __riscv_save_12
                0x0000000000000108                __riscv_save_8
                0x0000000000000108                __riscv_save_11
                0x0000000000000108                __riscv_save_9
                0x0000000000000108                __riscv_save_10
                0x0000000000000116                __riscv_save_7
                0x0000000000000116                __riscv_save_4
                0x0000000000000116                __riscv_save_6
                0x0000000000000116                __riscv_save_5
                0x0000000000000130                __riscv_save_1
                0x0000000000000130                __riscv_save_3
                0x0000000000000130                __riscv_save_2
                0x0000000000000130                __riscv_save_0
                0x000000000000013c                __riscv_restore_12
                0x0000000000000140                __riscv_restore_10
                0x0000000000000140                __riscv_restore_11
                0x0000000000000140                __riscv_restore_8
                0x0000000000000140                __riscv_restore_9
                0x000000000000014a                __riscv_restore_5
                0x000000000000014a                __riscv_restore_6
                0x000000000000014a                __riscv_restore_4
                0x000000000000014a                __riscv_restore_7
                0x0000000000000154                __riscv_restore_3
                0x0000000000000154                __riscv_restore_2
                0x0000000000000154                __riscv_restore_0
                0x0000000000000154                __riscv_restore_1
 .text          0x0000000000000160       0xa8 /home/larry/MounRiver_Studio_Community_Linux_x64_V160/MRS_Community/toolchain/RISC-V Embedded GCC/bin/../lib/gcc/riscv-none-embed/8.2.0/../../../../riscv-none-embed/lib/rv32imac/ilp32/libg_nano.a(lib_a-memset.o)
                0x0000000000000160                memset
 *(.text.*)
 .text.NMI_Handler
                0x0000000000000208        0x4 ./User/ch32x035_it.o
                0x0000000000000208                NMI_Handler
 .text.HardFault_Handler
                0x000000000000020c        0x2 ./User/ch32x035_it.o
                0x000000000000020c                HardFault_Handler
 .text.pinMode.part.0
                0x000000000000020e      0x11c ./User/main.o
 .text.pinMode  0x000000000000032a       0x1a ./User/main.o
                0x000000000000032a                pinMode
 .text.digitalRead
                0x0000000000000344       0x4a ./User/main.o
                0x0000000000000344                digitalRead
 .text.digitalWrite
                0x000000000000038e       0x46 ./User/main.o
                0x000000000000038e                digitalWrite
 .text.SDA_READ
                0x00000000000003d4        0xc ./User/main.o
                0x00000000000003d4                SDA_READ
 .text.SDA_HIGH
                0x00000000000003e0        0xe ./User/main.o
                0x00000000000003e0                SDA_HIGH
 .text.SDA_LOW  0x00000000000003ee       0x1a ./User/main.o
                0x00000000000003ee                SDA_LOW
 .text.SCL_HIGH
                0x0000000000000408        0xe ./User/main.o
                0x0000000000000408                SCL_HIGH
 .text.SCL_LOW  0x0000000000000416       0x1a ./User/main.o
                0x0000000000000416                SCL_LOW
 .text.i2cByteOut
                0x0000000000000430       0x64 ./User/main.o
                0x0000000000000430                i2cByteOut
 .text.i2cByteIn
                0x0000000000000494       0x62 ./User/main.o
                0x0000000000000494                i2cByteIn
 .text.i2cEnd   0x00000000000004f6       0x26 ./User/main.o
                0x00000000000004f6                i2cEnd
 .text.i2cBegin
                0x000000000000051c       0x32 ./User/main.o
                0x000000000000051c                i2cBegin
 .text.I2CWrite
                0x000000000000054e       0x2a ./User/main.o
                0x000000000000054e                I2CWrite
 .text.I2CRead  0x0000000000000578       0x28 ./User/main.o
                0x0000000000000578                I2CRead
 .text.SPI_begin
                0x00000000000005a0       0x94 ./User/main.o
                0x00000000000005a0                SPI_begin
 .text.SPI_write
                0x0000000000000634       0x32 ./User/main.o
                0x0000000000000634                SPI_write
 .text.udivmod32
                0x0000000000000666       0x2a ./User/main.o
                0x0000000000000666                udivmod32
 .text.my_memcpy
                0x0000000000000690       0x1c ./User/main.o
                0x0000000000000690                my_memcpy
 .text.my_strlen
                0x00000000000006ac       0x14 ./User/main.o
                0x00000000000006ac                my_strlen
 .text.DMA1_Channel3_IRQHandler
                0x00000000000006c0       0x78 ./User/main.o
                0x00000000000006c0                DMA1_Channel3_IRQHandler
 .text.DMA_Tx_Init
                0x0000000000000738       0x34 ./User/main.o
                0x0000000000000738                DMA_Tx_Init
 .text.lcdWriteCMD
                0x000000000000076c       0x48 ./User/main.o
                0x000000000000076c                lcdWriteCMD
 .text.lcdWriteDATA
                0x00000000000007b4       0x66 ./User/main.o
                0x00000000000007b4                lcdWriteDATA
 .text.lcdInit  0x000000000000081a      0x1be ./User/main.o
                0x000000000000081a                lcdInit
 .text.lcdSetPosition
                0x00000000000009d8       0x86 ./User/main.o
                0x00000000000009d8                lcdSetPosition
 .text.lcdFill  0x0000000000000a5e       0x6e ./User/main.o
                0x0000000000000a5e                lcdFill
 .text.lcdDrawPattern
                0x0000000000000acc       0x9a ./User/main.o
                0x0000000000000acc                lcdDrawPattern
 .text.lcdWriteString
                0x0000000000000b66      0x2c4 ./User/main.o
                0x0000000000000b66                lcdWriteString
 .text.lcdWriteStringCustom
                0x0000000000000e2a      0x3b4 ./User/main.o
                0x0000000000000e2a                lcdWriteStringCustom
 .text.scd41_readRegister
                0x00000000000011de       0x4a ./User/main.o
                0x00000000000011de                scd41_readRegister
 .text.scd41_sendCMD
                0x0000000000001228       0x26 ./User/main.o
                0x0000000000001228                scd41_sendCMD
 .text.scd41_getSample
                0x000000000000124e       0xbc ./User/main.o
                0x000000000000124e                scd41_getSample
 .text.scd41_wakeup
                0x000000000000130a       0x16 ./User/main.o
                0x000000000000130a                scd41_wakeup
 .text.scd41_stop
                0x0000000000001320       0x20 ./User/main.o
                0x0000000000001320                scd41_stop
 .text.scd41_computeCRC8
                0x0000000000001340       0x46 ./User/main.o
                0x0000000000001340                scd41_computeCRC8
 .text.scd41_sendCMD2
                0x0000000000001386       0x3e ./User/main.o
                0x0000000000001386                scd41_sendCMD2
 .text.scd41_setAutoCalibration
                0x00000000000013c4       0x16 ./User/main.o
                0x00000000000013c4                scd41_setAutoCalibration
 .text.scd41_recalibrate
                0x00000000000013da       0x3c ./User/main.o
                0x00000000000013da                scd41_recalibrate
 .text.scd41_start
                0x0000000000001416       0x40 ./User/main.o
                0x0000000000001416                scd41_start
 .text.SetBrightness
                0x0000000000001456       0x2c ./User/main.o
                0x0000000000001456                SetBrightness
 .text.TIM3_PWMOut_Init
                0x0000000000001482       0x9a ./User/main.o
                0x0000000000001482                TIM3_PWMOut_Init
 .text.i2str    0x000000000000151c       0x6e ./User/main.o
                0x000000000000151c                i2str
 .text.ShowLogo
                0x000000000000158a       0x88 ./User/main.o
                0x000000000000158a                ShowLogo
 .text.PowerDown
                0x0000000000001612       0x82 ./User/main.o
                0x0000000000001612                PowerDown
 .text.ShowCO2  0x0000000000001694      0x23c ./User/main.o
                0x0000000000001694                ShowCO2
 .text.ShowCountdown
                0x00000000000018d0       0x6a ./User/main.o
                0x00000000000018d0                ShowCountdown
 .text.RunCalibrate
                0x000000000000193a       0xda ./User/main.o
                0x000000000000193a                RunCalibrate
 .text.RunLowPower
                0x0000000000001a14       0x72 ./User/main.o
                0x0000000000001a14                RunLowPower
 .text.ADCInit  0x0000000000001a86       0x80 ./User/main.o
                0x0000000000001a86                ADCInit
 .text.ADCGetValue
                0x0000000000001b06       0x1a ./User/main.o
                0x0000000000001b06                ADCGetValue
 .text.RunMenu  0x0000000000001b20      0x1a8 ./User/main.o
                0x0000000000001b20                RunMenu
 .text.startup.main
                0x0000000000001cc8      0x172 ./User/main.o
                0x0000000000001cc8                main
 .text.SystemInit
                0x0000000000001e3a       0x42 ./User/system_ch32x035.o
                0x0000000000001e3a                SystemInit
 .text.SystemCoreClockUpdate
                0x0000000000001e7c       0x3c ./User/system_ch32x035.o
                0x0000000000001e7c                SystemCoreClockUpdate
 .text.vector_handler
                0x0000000000001eb8       0x5a ./Startup/startup_ch32x035.o
                0x0000000000001ebc                Ecall_M_Mode_Handler
                0x0000000000001ebe                Ecall_U_Mode_Handler
                0x0000000000001ec0                Break_Point_Handler
                0x0000000000001ec2                SysTick_Handler
                0x0000000000001ec4                SW_Handler
                0x0000000000001ec6                WWDG_IRQHandler
                0x0000000000001ec8                PVD_IRQHandler
                0x0000000000001eca                FLASH_IRQHandler
                0x0000000000001ecc                EXTI7_0_IRQHandler
                0x0000000000001ece                AWU_IRQHandler
                0x0000000000001ed0                DMA1_Channel1_IRQHandler
                0x0000000000001ed2                DMA1_Channel2_IRQHandler
                0x0000000000001ed6                DMA1_Channel4_IRQHandler
                0x0000000000001ed8                DMA1_Channel5_IRQHandler
                0x0000000000001eda                DMA1_Channel6_IRQHandler
                0x0000000000001edc                DMA1_Channel7_IRQHandler
                0x0000000000001ede                ADC1_IRQHandler
                0x0000000000001ee0                I2C1_EV_IRQHandler
                0x0000000000001ee2                I2C1_ER_IRQHandler
                0x0000000000001ee4                USART1_IRQHandler
                0x0000000000001ee6                SPI1_IRQHandler
                0x0000000000001ee8                TIM1_BRK_IRQHandler
                0x0000000000001eea                TIM1_UP_IRQHandler
                0x0000000000001eec                TIM1_TRG_COM_IRQHandler
                0x0000000000001eee                TIM1_CC_IRQHandler
                0x0000000000001ef0                TIM2_UP_IRQHandler
                0x0000000000001ef2                USART2_IRQHandler
                0x0000000000001ef4                EXTI15_8_IRQHandler
                0x0000000000001ef6                EXTI25_16_IRQHandler
                0x0000000000001ef8                USART3_IRQHandler
                0x0000000000001efa                USART4_IRQHandler
                0x0000000000001efc                DMA1_Channel8_IRQHandler
                0x0000000000001efe                USBFS_IRQHandler
                0x0000000000001f00                USBFSWakeUp_IRQHandler
                0x0000000000001f02                PIOC_IRQHandler
                0x0000000000001f04                OPA_IRQHandler
                0x0000000000001f06                USBPD_IRQHandler
                0x0000000000001f08                USBPDWakeUp_IRQHandler
                0x0000000000001f0a                TIM2_CC_IRQHandler
                0x0000000000001f0c                TIM2_TRG_COM_IRQHandler
                0x0000000000001f0e                TIM2_BRK_IRQHandler
                0x0000000000001f10                TIM3_IRQHandler
 .text.handle_reset
                0x0000000000001f12       0x8a ./Startup/startup_ch32x035.o
                0x0000000000001f12                handle_reset
 .text.ADC_DeInit
                0x0000000000001f9c       0x26 ./Peripheral/src/ch32x035_adc.o
                0x0000000000001f9c                ADC_DeInit
 .text.ADC_Init
                0x0000000000001fc2       0x58 ./Peripheral/src/ch32x035_adc.o
                0x0000000000001fc2                ADC_Init
 .text.ADC_Cmd  0x000000000000201a       0x10 ./Peripheral/src/ch32x035_adc.o
                0x000000000000201a                ADC_Cmd
 .text.ADC_SoftwareStartConvCmd
                0x000000000000202a       0x18 ./Peripheral/src/ch32x035_adc.o
                0x000000000000202a                ADC_SoftwareStartConvCmd
 .text.ADC_RegularChannelConfig
                0x0000000000002042       0xb8 ./Peripheral/src/ch32x035_adc.o
                0x0000000000002042                ADC_RegularChannelConfig
 .text.ADC_GetConversionValue
                0x00000000000020fa        0x8 ./Peripheral/src/ch32x035_adc.o
                0x00000000000020fa                ADC_GetConversionValue
 .text.ADC_CLKConfig
                0x0000000000002102        0xc ./Peripheral/src/ch32x035_adc.o
                0x0000000000002102                ADC_CLKConfig
 .text.GPIO_Init
                0x000000000000210e      0x16e ./Peripheral/src/ch32x035_gpio.o
                0x000000000000210e                GPIO_Init
 .text.NVIC_PriorityGroupConfig
                0x000000000000227c        0x6 ./Peripheral/src/ch32x035_misc.o
                0x000000000000227c                NVIC_PriorityGroupConfig
 .text.RCC_APB2PeriphClockCmd
                0x0000000000002282       0x1e ./Peripheral/src/ch32x035_rcc.o
                0x0000000000002282                RCC_APB2PeriphClockCmd
 .text.RCC_APB2PeriphResetCmd
                0x00000000000022a0       0x1e ./Peripheral/src/ch32x035_rcc.o
                0x00000000000022a0                RCC_APB2PeriphResetCmd
 .text.TIM_TimeBaseInit
                0x00000000000022be       0x6c ./Peripheral/src/ch32x035_tim.o
                0x00000000000022be                TIM_TimeBaseInit
 .text.TIM_OC1Init
                0x000000000000232a       0x90 ./Peripheral/src/ch32x035_tim.o
                0x000000000000232a                TIM_OC1Init
 .text.TIM_Cmd  0x00000000000023ba       0x1c ./Peripheral/src/ch32x035_tim.o
                0x00000000000023ba                TIM_Cmd
 .text.TIM_CtrlPWMOutputs
                0x00000000000023d6       0x16 ./Peripheral/src/ch32x035_tim.o
                0x00000000000023d6                TIM_CtrlPWMOutputs
 .text.TIM_ARRPreloadConfig
                0x00000000000023ec       0x1e ./Peripheral/src/ch32x035_tim.o
                0x00000000000023ec                TIM_ARRPreloadConfig
 .text.TIM_OC1PreloadConfig
                0x000000000000240a       0x12 ./Peripheral/src/ch32x035_tim.o
                0x000000000000240a                TIM_OC1PreloadConfig
 .text.Delay_Init
                0x000000000000241c       0x26 ./Debug/debug.o
                0x000000000000241c                Delay_Init
 .text.Delay_Us
                0x0000000000002442       0x36 ./Debug/debug.o
                0x0000000000002442                Delay_Us
 .text.Delay_Ms
                0x0000000000002478       0x36 ./Debug/debug.o
                0x0000000000002478                Delay_Ms
 .text.memcpy   0x00000000000024ae       0xb6 /home/larry/MounRiver_Studio_Community_Linux_x64_V160/MRS_Community/toolchain/RISC-V Embedded GCC/bin/../lib/gcc/riscv-none-embed/8.2.0/../../../../riscv-none-embed/lib/rv32imac/ilp32/libg_nano.a(lib_a-memcpy.o)
                0x00000000000024ae                memcpy
 *(.rodata)
 *fill*         0x0000000000002564        0x0 
 .rodata        0x0000000000002564       0x20 ./User/main.o
 *(.rodata*)
 .rodata.lcdInit
                0x0000000000002584       0x30 ./User/main.o
 .rodata.PowerDown.str1.4
                0x00000000000025b4       0x31 ./User/main.o
 *fill*         0x00000000000025e5        0x3 
 .rodata.Roboto_Black_40
                0x00000000000025e8        0xc ./User/main.o
                0x00000000000025e8                Roboto_Black_40
 .rodata.Roboto_Black_40Bitmaps
                0x00000000000025f4      0x5d4 ./User/main.o
                0x00000000000025f4                Roboto_Black_40Bitmaps
 .rodata.Roboto_Black_40Glyphs
                0x0000000000002bc8       0xd8 ./User/main.o
                0x0000000000002bc8                Roboto_Black_40Glyphs
 .rodata.RunCalibrate.str1.4
                0x0000000000002ca0       0x39 ./User/main.o
 *fill*         0x0000000000002cd9        0x3 
 .rodata.RunMenu.str1.4
                0x0000000000002cdc       0x31 ./User/main.o
 *fill*         0x0000000000002d0d        0x3 
 .rodata.ShowCO2.str1.4
                0x0000000000002d10       0x1e ./User/main.o
 *fill*         0x0000000000002d2e        0x2 
 .rodata.ShowLogo.str1.4
                0x0000000000002d30       0x34 ./User/main.o
 .rodata.batt0_32x16
                0x0000000000002d64       0x40 ./User/main.o
                0x0000000000002d64                batt0_32x16
 .rodata.batt100_32x16
                0x0000000000002da4       0x40 ./User/main.o
                0x0000000000002da4                batt100_32x16
 .rodata.batt25_32x16
                0x0000000000002de4       0x40 ./User/main.o
                0x0000000000002de4                batt25_32x16
 .rodata.batt50_32x16
                0x0000000000002e24       0x40 ./User/main.o
                0x0000000000002e24                batt50_32x16
 .rodata.batt75_32x16
                0x0000000000002e64       0x40 ./User/main.o
                0x0000000000002e64                batt75_32x16
 .rodata.battchg_32x16
                0x0000000000002ea4       0x40 ./User/main.o
                0x0000000000002ea4                battchg_32x16
 .rodata.str1.4
                0x0000000000002ee4       0x30 ./User/main.o
                                         0x2e (size before relaxing)
 .rodata.u16Heights
                0x0000000000002f14       0x18 ./User/main.o
 .rodata.u16Widths
                0x0000000000002f2c       0x18 ./User/main.o
 .rodata.u8XOffs
                0x0000000000002f44        0xc ./User/main.o
 .rodata.u8YOffs
                0x0000000000002f50        0xc ./User/main.o
 .rodata.uc128InitList
                0x0000000000002f5c       0x2f ./User/main.o
                0x0000000000002f5c                uc128InitList
 *fill*         0x0000000000002f8b        0x1 
 .rodata.uc160InitList
                0x0000000000002f8c       0x2f ./User/main.o
                0x0000000000002f8c                uc160InitList
 *fill*         0x0000000000002fbb        0x1 
 .rodata.uc240x240InitList
                0x0000000000002fbc       0x51 ./User/main.o
                0x0000000000002fbc                uc240x240InitList
 *fill*         0x000000000000300d        0x3 
 .rodata.uc80InitList
                0x0000000000003010       0x2f ./User/main.o
                0x0000000000003010                uc80InitList
 *fill*         0x000000000000303f        0x1 
 .rodata.uc80InitList2
                0x0000000000003040       0x2f ./User/main.o
                0x0000000000003040                uc80InitList2
 *fill*         0x000000000000306f        0x1 
 .rodata.ucFont
                0x0000000000003070      0x2a0 ./User/main.o
                0x0000000000003070                ucFont
 .rodata.ucGC9107InitList
                0x0000000000003310       0x51 ./User/main.o
                0x0000000000003310                ucGC9107InitList
 *fill*         0x0000000000003361        0x3 
 .rodata.ucILI9341InitList
                0x0000000000003364       0x6e ./User/main.o
                0x0000000000003364                ucILI9341InitList
 *fill*         0x00000000000033d2        0x2 
 .rodata.ucSmallFont
                0x00000000000033d4      0x1e0 ./User/main.o
                0x00000000000033d4                ucSmallFont
 *(.gnu.linkonce.t.*)
                0x00000000000035b4                . = ALIGN (0x4)

.rela.dyn       0x00000000000035b4        0x0
 .rela.init     0x00000000000035b4        0x0 ./User/ch32x035_it.o
 .rela.vector   0x00000000000035b4        0x0 ./User/ch32x035_it.o
 .rela.text.handle_reset
                0x00000000000035b4        0x0 ./User/ch32x035_it.o

.fini           0x00000000000035b4        0x0
 *(SORT_NONE(.fini))
                0x00000000000035b4                . = ALIGN (0x4)
                [!provide]                        PROVIDE (_etext = .)
                [!provide]                        PROVIDE (_eitcm = .)

.preinit_array  0x00000000000035b4        0x0
                [!provide]                        PROVIDE (__preinit_array_start = .)
 *(.preinit_array)
                [!provide]                        PROVIDE (__preinit_array_end = .)

.init_array     0x00000000000035b4        0x0
                [!provide]                        PROVIDE (__init_array_start = .)
 *(SORT_BY_INIT_PRIORITY(.init_array.*) SORT_BY_INIT_PRIORITY(.ctors.*))
 *(.init_array EXCLUDE_FILE(*crtend?.o *crtend.o *crtbegin?.o *crtbegin.o) .ctors)
                [!provide]                        PROVIDE (__init_array_end = .)

.fini_array     0x00000000000035b4        0x0
                [!provide]                        PROVIDE (__fini_array_start = .)
 *(SORT_BY_INIT_PRIORITY(.fini_array.*) SORT_BY_INIT_PRIORITY(.dtors.*))
 *(.fini_array EXCLUDE_FILE(*crtend?.o *crtend.o *crtbegin?.o *crtbegin.o) .dtors)
                [!provide]                        PROVIDE (__fini_array_end = .)

.ctors
 *crtbegin.o(.ctors)
 *crtbegin?.o(.ctors)
 *(EXCLUDE_FILE(*crtend?.o *crtend.o) .ctors)
 *(SORT_BY_NAME(.ctors.*))
 *(.ctors)

.dtors
 *crtbegin.o(.dtors)
 *crtbegin?.o(.dtors)
 *(EXCLUDE_FILE(*crtend?.o *crtend.o) .dtors)
 *(SORT_BY_NAME(.dtors.*))
 *(.dtors)

.dalign         0x0000000020000000        0x0 load address 0x00000000000035b4
                0x0000000020000000                . = ALIGN (0x4)
                0x0000000020000000                PROVIDE (_data_vma = .)

.dlalign        0x00000000000035b4        0x0
                0x00000000000035b4                . = ALIGN (0x4)
                0x00000000000035b4                PROVIDE (_data_lma = .)

.data           0x0000000020000000       0x30 load address 0x00000000000035b4
 *(.gnu.linkonce.r.*)
 *(.data .data.*)
 .data.AHBPrescTable
                0x0000000020000000       0x10 ./User/system_ch32x035.o
                0x0000000020000000                AHBPrescTable
 *(.gnu.linkonce.d.*)
                0x0000000020000010                . = ALIGN (0x8)
                0x0000000020000810                PROVIDE (__global_pointer$ = (. + 0x800))
 *(.sdata .sdata.*)
 .sdata.iDelay  0x0000000020000010        0x4 ./User/main.o
                0x0000000020000010                iDelay
 .sdata.pCache0
                0x0000000020000014        0x4 ./User/main.o
                0x0000000020000014                pCache0
 .sdata.pCache1
                0x0000000020000018        0x4 ./User/main.o
                0x0000000020000018                pCache1
 .sdata.SystemCoreClock
                0x000000002000001c        0x4 ./User/system_ch32x035.o
                0x000000002000001c                SystemCoreClock
 .sdata.CFGHR_tmpA
                0x0000000020000020        0x4 ./Peripheral/src/ch32x035_gpio.o
                0x0000000020000020                CFGHR_tmpA
 .sdata.CFGHR_tmpB
                0x0000000020000024        0x4 ./Peripheral/src/ch32x035_gpio.o
                0x0000000020000024                CFGHR_tmpB
 .sdata.CFGHR_tmpC
                0x0000000020000028        0x4 ./Peripheral/src/ch32x035_gpio.o
                0x0000000020000028                CFGHR_tmpC
 *(.sdata2.*)
 *(.gnu.linkonce.s.*)
                0x0000000020000030                . = ALIGN (0x8)
 *fill*         0x000000002000002c        0x4 
 *(.srodata.cst16)
 *(.srodata.cst8)
 *(.srodata.cst4)
 *(.srodata.cst2)
 *(.srodata .srodata.*)
                0x0000000020000030                . = ALIGN (0x4)
                0x0000000020000030                PROVIDE (_edata = .)

.bss            0x0000000020000030     0x2860 load address 0x00000000000035e4
                0x0000000020000030                . = ALIGN (0x4)
                0x0000000020000030                PROVIDE (_sbss = .)
 *(.sbss*)
 .sbss._iCO2    0x0000000020000030        0x2 ./User/main.o
                0x0000000020000030                _iCO2
 *fill*         0x0000000020000032        0x2 
 .sbss._iHumidity
                0x0000000020000034        0x4 ./User/main.o
                0x0000000020000034                _iHumidity
 .sbss._iPowerMode
                0x0000000020000038        0x4 ./User/main.o
                0x0000000020000038                _iPowerMode
 .sbss._iTemperature
                0x000000002000003c        0x4 ./User/main.o
                0x000000002000003c                _iTemperature
 .sbss.bDMA     0x0000000020000040        0x4 ./User/main.o
                0x0000000020000040                bDMA
 .sbss.iBattery
                0x0000000020000044        0x4 ./User/main.o
                0x0000000020000044                iBattery
 .sbss.iBrightness
                0x0000000020000048        0x4 ./User/main.o
                0x0000000020000048                iBrightness
 .sbss.iCursorX
                0x000000002000004c        0x4 ./User/main.o
 .sbss.iCursorY
                0x0000000020000050        0x4 ./User/main.o
 .sbss.iLCDHeight
                0x0000000020000054        0x4 ./User/main.o
                0x0000000020000054                iLCDHeight
 .sbss.iLCDPitch
                0x0000000020000058        0x4 ./User/main.o
                0x0000000020000058                iLCDPitch
 .sbss.iLCDWidth
                0x000000002000005c        0x4 ./User/main.o
                0x000000002000005c                iLCDWidth
 .sbss.iLCDXOff
                0x0000000020000060        0x4 ./User/main.o
                0x0000000020000060                iLCDXOff
 .sbss.iLCDYOff
                0x0000000020000064        0x4 ./User/main.o
                0x0000000020000064                iLCDYOff
 .sbss.iNativeHeight
                0x0000000020000068        0x4 ./User/main.o
                0x0000000020000068                iNativeHeight
 .sbss.iNativeWidth
                0x000000002000006c        0x4 ./User/main.o
                0x000000002000006c                iNativeWidth
 .sbss.iNativeXOff
                0x0000000020000070        0x4 ./User/main.o
                0x0000000020000070                iNativeXOff
 .sbss.iNativeYOff
                0x0000000020000074        0x4 ./User/main.o
                0x0000000020000074                iNativeYOff
 .sbss.iOldLen.5377
                0x0000000020000078        0x4 ./User/main.o
 .sbss.u8BL     0x000000002000007c        0x1 ./User/main.o
                0x000000002000007c                u8BL
 .sbss.u8BitBang
                0x000000002000007d        0x1 ./User/main.o
 .sbss.u8CS     0x000000002000007e        0x1 ./User/main.o
                0x000000002000007e                u8CS
 .sbss.u8DC     0x000000002000007f        0x1 ./User/main.o
                0x000000002000007f                u8DC
 .sbss.u8MADCTL
                0x0000000020000080        0x1 ./User/main.o
                0x0000000020000080                u8MADCTL
 .sbss.u8SCL_Pin
                0x0000000020000081        0x1 ./User/main.o
                0x0000000020000081                u8SCL_Pin
 .sbss.u8SDA_Pin
                0x0000000020000082        0x1 ./User/main.o
                0x0000000020000082                u8SDA_Pin
 *fill*         0x0000000020000083        0x1 
 .sbss.usBG     0x0000000020000084        0x2 ./User/main.o
                0x0000000020000084                usBG
 .sbss.usFG     0x0000000020000086        0x2 ./User/main.o
                0x0000000020000086                usFG
 .sbss.NVIC_Priority_Group
                0x0000000020000088        0x4 ./Peripheral/src/ch32x035_misc.o
                0x0000000020000088                NVIC_Priority_Group
 .sbss.p_ms     0x000000002000008c        0x2 ./Debug/debug.o
 .sbss.p_us     0x000000002000008e        0x1 ./Debug/debug.o
 *(.gnu.linkonce.sb.*)
 *(.bss*)
 *fill*         0x000000002000008f        0x1 
 .bss.u8Cache0  0x0000000020000090     0x1400 ./User/main.o
                0x0000000020000090                u8Cache0
 .bss.u8Cache1  0x0000000020001490     0x1400 ./User/main.o
                0x0000000020001490                u8Cache1
 *(.gnu.linkonce.b.*)
 *(COMMON*)
                0x0000000020002890                . = ALIGN (0x4)
                0x0000000020002890                PROVIDE (_ebss = .)
                0x0000000020002890                PROVIDE (_end = _ebss)
                [!provide]                        PROVIDE (end = .)

.stack          0x0000000020004800      0x800
                0x0000000020004800                PROVIDE (_heap_end = .)
                0x0000000020004800                . = ALIGN (0x4)
                [!provide]                        PROVIDE (_susrstack = .)
                0x0000000020005000                . = (. + __stack_size)
 *fill*         0x0000000020004800      0x800 
                0x0000000020005000                PROVIDE (_eusrstack = .)
OUTPUT(CO2_USB_033.elf elf32-littleriscv)

.debug_info     0x0000000000000000     0xed2f
 .debug_info    0x0000000000000000      0x962 ./User/ch32x035_it.o
 .debug_info    0x0000000000000962     0x5a17 ./User/main.o
 .debug_info    0x0000000000006379      0xb56 ./User/system_ch32x035.o
 .debug_info    0x0000000000006ecf       0x22 ./Startup/startup_ch32x035.o
 .debug_info    0x0000000000006ef1     0x15d6 ./Peripheral/src/ch32x035_adc.o
 .debug_info    0x00000000000084c7     0x11c9 ./Peripheral/src/ch32x035_gpio.o
 .debug_info    0x0000000000009690      0xe46 ./Peripheral/src/ch32x035_misc.o
 .debug_info    0x000000000000a4d6      0xd8f ./Peripheral/src/ch32x035_rcc.o
 .debug_info    0x000000000000b265     0x2b87 ./Peripheral/src/ch32x035_tim.o
 .debug_info    0x000000000000ddec      0xf43 ./Debug/debug.o

.debug_abbrev   0x0000000000000000     0x1e34
 .debug_abbrev  0x0000000000000000      0x1cf ./User/ch32x035_it.o
 .debug_abbrev  0x00000000000001cf      0x663 ./User/main.o
 .debug_abbrev  0x0000000000000832      0x258 ./User/system_ch32x035.o
 .debug_abbrev  0x0000000000000a8a       0x12 ./Startup/startup_ch32x035.o
 .debug_abbrev  0x0000000000000a9c      0x323 ./Peripheral/src/ch32x035_adc.o
 .debug_abbrev  0x0000000000000dbf      0x34b ./Peripheral/src/ch32x035_gpio.o
 .debug_abbrev  0x000000000000110a      0x2fb ./Peripheral/src/ch32x035_misc.o
 .debug_abbrev  0x0000000000001405      0x326 ./Peripheral/src/ch32x035_rcc.o
 .debug_abbrev  0x000000000000172b      0x418 ./Peripheral/src/ch32x035_tim.o
 .debug_abbrev  0x0000000000001b43      0x2f1 ./Debug/debug.o

.debug_aranges  0x0000000000000000      0x8b0
 .debug_aranges
                0x0000000000000000       0x28 ./User/ch32x035_it.o
 .debug_aranges
                0x0000000000000028      0x270 ./User/main.o
 .debug_aranges
                0x0000000000000298       0x28 ./User/system_ch32x035.o
 .debug_aranges
                0x00000000000002c0       0x30 ./Startup/startup_ch32x035.o
 .debug_aranges
                0x00000000000002f0      0x140 ./Peripheral/src/ch32x035_adc.o
 .debug_aranges
                0x0000000000000430       0x98 ./Peripheral/src/ch32x035_gpio.o
 .debug_aranges
                0x00000000000004c8       0x28 ./Peripheral/src/ch32x035_misc.o
 .debug_aranges
                0x00000000000004f0       0x80 ./Peripheral/src/ch32x035_rcc.o
 .debug_aranges
                0x0000000000000570      0x2f0 ./Peripheral/src/ch32x035_tim.o
 .debug_aranges
                0x0000000000000860       0x50 ./Debug/debug.o

.debug_ranges   0x0000000000000000      0xa60
 .debug_ranges  0x0000000000000000       0x18 ./User/ch32x035_it.o
 .debug_ranges  0x0000000000000018      0x448 ./User/main.o
 .debug_ranges  0x0000000000000460       0x18 ./User/system_ch32x035.o
 .debug_ranges  0x0000000000000478       0x28 ./Startup/startup_ch32x035.o
 .debug_ranges  0x00000000000004a0      0x130 ./Peripheral/src/ch32x035_adc.o
 .debug_ranges  0x00000000000005d0       0x88 ./Peripheral/src/ch32x035_gpio.o
 .debug_ranges  0x0000000000000658       0x48 ./Peripheral/src/ch32x035_misc.o
 .debug_ranges  0x00000000000006a0       0x70 ./Peripheral/src/ch32x035_rcc.o
 .debug_ranges  0x0000000000000710      0x310 ./Peripheral/src/ch32x035_tim.o
 .debug_ranges  0x0000000000000a20       0x40 ./Debug/debug.o

.debug_line     0x0000000000000000     0xd10c
 .debug_line    0x0000000000000000      0x299 ./User/ch32x035_it.o
 .debug_line    0x0000000000000299     0x58cd ./User/main.o
 .debug_line    0x0000000000005b66      0x3ee ./User/system_ch32x035.o
 .debug_line    0x0000000000005f54      0x226 ./Startup/startup_ch32x035.o
 .debug_line    0x000000000000617a     0x1562 ./Peripheral/src/ch32x035_adc.o
 .debug_line    0x00000000000076dc     0x12e0 ./Peripheral/src/ch32x035_gpio.o
 .debug_line    0x00000000000089bc      0x535 ./Peripheral/src/ch32x035_misc.o
 .debug_line    0x0000000000008ef1      0x82a ./Peripheral/src/ch32x035_rcc.o
 .debug_line    0x000000000000971b     0x324e ./Peripheral/src/ch32x035_tim.o
 .debug_line    0x000000000000c969      0x7a3 ./Debug/debug.o

.debug_str      0x0000000000000000     0x2f6c
 .debug_str     0x0000000000000000      0x544 ./User/ch32x035_it.o
                                        0x5ac (size before relaxing)
 .debug_str     0x0000000000000544     0x1512 ./User/main.o
                                       0x1b07 (size before relaxing)
 .debug_str     0x0000000000001a56       0x6e ./User/system_ch32x035.o
                                        0x6aa (size before relaxing)
 .debug_str     0x0000000000001ac4       0x2a ./Startup/startup_ch32x035.o
                                         0x5e (size before relaxing)
 .debug_str     0x0000000000001aee      0x469 ./Peripheral/src/ch32x035_adc.o
                                        0xbf7 (size before relaxing)
 .debug_str     0x0000000000001f57      0x1f5 ./Peripheral/src/ch32x035_gpio.o
                                        0x942 (size before relaxing)
 .debug_str     0x000000000000214c      0x105 ./Peripheral/src/ch32x035_misc.o
                                        0xa0e (size before relaxing)
 .debug_str     0x0000000000002251      0x1c4 ./Peripheral/src/ch32x035_rcc.o
                                        0x846 (size before relaxing)
 .debug_str     0x0000000000002415      0xa14 ./Peripheral/src/ch32x035_tim.o
                                       0x1376 (size before relaxing)
 .debug_str     0x0000000000002e29      0x143 ./Debug/debug.o
                                        0x8d0 (size before relaxing)

.comment        0x0000000000000000       0x33
 .comment       0x0000000000000000       0x33 ./User/ch32x035_it.o
                                         0x34 (size before relaxing)
 .comment       0x0000000000000033       0x34 ./User/main.o
 .comment       0x0000000000000033       0x34 ./User/system_ch32x035.o
 .comment       0x0000000000000033       0x34 ./Peripheral/src/ch32x035_adc.o
 .comment       0x0000000000000033       0x34 ./Peripheral/src/ch32x035_gpio.o
 .comment       0x0000000000000033       0x34 ./Peripheral/src/ch32x035_misc.o
 .comment       0x0000000000000033       0x34 ./Peripheral/src/ch32x035_rcc.o
 .comment       0x0000000000000033       0x34 ./Peripheral/src/ch32x035_tim.o
 .comment       0x0000000000000033       0x34 ./Debug/debug.o

.debug_frame    0x0000000000000000     0x1648
 .debug_frame   0x0000000000000000       0x30 ./User/ch32x035_it.o
 .debug_frame   0x0000000000000030      0x9d4 ./User/main.o
 .debug_frame   0x0000000000000a04       0x30 ./User/system_ch32x035.o
 .debug_frame   0x0000000000000a34      0x27c ./Peripheral/src/ch32x035_adc.o
 .debug_frame   0x0000000000000cb0      0x140 ./Peripheral/src/ch32x035_gpio.o
 .debug_frame   0x0000000000000df0       0x30 ./Peripheral/src/ch32x035_misc.o
 .debug_frame   0x0000000000000e20       0xfc ./Peripheral/src/ch32x035_rcc.o
 .debug_frame   0x0000000000000f1c      0x654 ./Peripheral/src/ch32x035_tim.o
 .debug_frame   0x0000000000001570       0xb8 ./Debug/debug.o
 .debug_frame   0x0000000000001628       0x20 /home/larry/MounRiver_Studio_Community_Linux_x64_V160/MRS_Community/toolchain/RISC-V Embedded GCC/bin/../lib/gcc/riscv-none-embed/8.2.0/../../../../riscv-none-embed/lib/rv32imac/ilp32/libg_nano.a(lib_a-memcpy.o)

.debug_loc      0x0000000000000000     0x6c5f
 .debug_loc     0x0000000000000000     0x3a1d ./User/main.o
 .debug_loc     0x0000000000003a1d       0x1f ./User/system_ch32x035.o
 .debug_loc     0x0000000000003a3c      0xa41 ./Peripheral/src/ch32x035_adc.o
 .debug_loc     0x000000000000447d      0x863 ./Peripheral/src/ch32x035_gpio.o
 .debug_loc     0x0000000000004ce0       0xce ./Peripheral/src/ch32x035_misc.o
 .debug_loc     0x0000000000004dae      0x34e ./Peripheral/src/ch32x035_rcc.o
 .debug_loc     0x00000000000050fc     0x19ec ./Peripheral/src/ch32x035_tim.o
 .debug_loc     0x0000000000006ae8      0x177 ./Debug/debug.o
