Archive member included to satisfy reference by file (symbol)

/home/larry/MounRiver_Studio_Community_Linux_x64_V160/MRS_Community/toolchain/RISC-V Embedded GCC/bin/../lib/gcc/riscv-none-embed/8.2.0/rv32imac/ilp32/libgcc.a(save-restore.o)
                              ./User/main.o (__riscv_save_12)
/home/larry/MounRiver_Studio_Community_Linux_x64_V160/MRS_Community/toolchain/RISC-V Embedded GCC/bin/../lib/gcc/riscv-none-embed/8.2.0/../../../../riscv-none-embed/lib/rv32imac/ilp32/libg_nano.a(lib_a-memcpy.o)
                              ./User/ch32x035_usbfs_device.o (memcpy)
/home/larry/MounRiver_Studio_Community_Linux_x64_V160/MRS_Community/toolchain/RISC-V Embedded GCC/bin/../lib/gcc/riscv-none-embed/8.2.0/../../../../riscv-none-embed/lib/rv32imac/ilp32/libg_nano.a(lib_a-memset.o)
                              ./User/UART.o (memset)
/home/larry/MounRiver_Studio_Community_Linux_x64_V160/MRS_Community/toolchain/RISC-V Embedded GCC/bin/../lib/gcc/riscv-none-embed/8.2.0/../../../../riscv-none-embed/lib/rv32imac/ilp32/libg_nano.a(lib_a-printf.o)
                              ./User/UART.o (printf)
/home/larry/MounRiver_Studio_Community_Linux_x64_V160/MRS_Community/toolchain/RISC-V Embedded GCC/bin/../lib/gcc/riscv-none-embed/8.2.0/../../../../riscv-none-embed/lib/rv32imac/ilp32/libg_nano.a(lib_a-sprintf.o)
                              ./User/main.o (sprintf)
/home/larry/MounRiver_Studio_Community_Linux_x64_V160/MRS_Community/toolchain/RISC-V Embedded GCC/bin/../lib/gcc/riscv-none-embed/8.2.0/../../../../riscv-none-embed/lib/rv32imac/ilp32/libg_nano.a(lib_a-strlen.o)
                              ./User/main.o (strlen)
/home/larry/MounRiver_Studio_Community_Linux_x64_V160/MRS_Community/toolchain/RISC-V Embedded GCC/bin/../lib/gcc/riscv-none-embed/8.2.0/../../../../riscv-none-embed/lib/rv32imac/ilp32/libg_nano.a(lib_a-findfp.o)
                              /home/larry/MounRiver_Studio_Community_Linux_x64_V160/MRS_Community/toolchain/RISC-V Embedded GCC/bin/../lib/gcc/riscv-none-embed/8.2.0/../../../../riscv-none-embed/lib/rv32imac/ilp32/libg_nano.a(lib_a-printf.o) (__sinit)
/home/larry/MounRiver_Studio_Community_Linux_x64_V160/MRS_Community/toolchain/RISC-V Embedded GCC/bin/../lib/gcc/riscv-none-embed/8.2.0/../../../../riscv-none-embed/lib/rv32imac/ilp32/libg_nano.a(lib_a-fwalk.o)
                              /home/larry/MounRiver_Studio_Community_Linux_x64_V160/MRS_Community/toolchain/RISC-V Embedded GCC/bin/../lib/gcc/riscv-none-embed/8.2.0/../../../../riscv-none-embed/lib/rv32imac/ilp32/libg_nano.a(lib_a-findfp.o) (_fwalk)
/home/larry/MounRiver_Studio_Community_Linux_x64_V160/MRS_Community/toolchain/RISC-V Embedded GCC/bin/../lib/gcc/riscv-none-embed/8.2.0/../../../../riscv-none-embed/lib/rv32imac/ilp32/libg_nano.a(lib_a-impure.o)
                              /home/larry/MounRiver_Studio_Community_Linux_x64_V160/MRS_Community/toolchain/RISC-V Embedded GCC/bin/../lib/gcc/riscv-none-embed/8.2.0/../../../../riscv-none-embed/lib/rv32imac/ilp32/libg_nano.a(lib_a-findfp.o) (_global_impure_ptr)
/home/larry/MounRiver_Studio_Community_Linux_x64_V160/MRS_Community/toolchain/RISC-V Embedded GCC/bin/../lib/gcc/riscv-none-embed/8.2.0/../../../../riscv-none-embed/lib/rv32imac/ilp32/libg_nano.a(lib_a-nano-mallocr.o)
                              /home/larry/MounRiver_Studio_Community_Linux_x64_V160/MRS_Community/toolchain/RISC-V Embedded GCC/bin/../lib/gcc/riscv-none-embed/8.2.0/../../../../riscv-none-embed/lib/rv32imac/ilp32/libg_nano.a(lib_a-findfp.o) (_malloc_r)
/home/larry/MounRiver_Studio_Community_Linux_x64_V160/MRS_Community/toolchain/RISC-V Embedded GCC/bin/../lib/gcc/riscv-none-embed/8.2.0/../../../../riscv-none-embed/lib/rv32imac/ilp32/libg_nano.a(lib_a-nano-svfprintf.o)
                              /home/larry/MounRiver_Studio_Community_Linux_x64_V160/MRS_Community/toolchain/RISC-V Embedded GCC/bin/../lib/gcc/riscv-none-embed/8.2.0/../../../../riscv-none-embed/lib/rv32imac/ilp32/libg_nano.a(lib_a-sprintf.o) (_svfprintf_r)
/home/larry/MounRiver_Studio_Community_Linux_x64_V160/MRS_Community/toolchain/RISC-V Embedded GCC/bin/../lib/gcc/riscv-none-embed/8.2.0/../../../../riscv-none-embed/lib/rv32imac/ilp32/libg_nano.a(lib_a-nano-vfprintf.o)
                              /home/larry/MounRiver_Studio_Community_Linux_x64_V160/MRS_Community/toolchain/RISC-V Embedded GCC/bin/../lib/gcc/riscv-none-embed/8.2.0/../../../../riscv-none-embed/lib/rv32imac/ilp32/libg_nano.a(lib_a-printf.o) (_vfprintf_r)
/home/larry/MounRiver_Studio_Community_Linux_x64_V160/MRS_Community/toolchain/RISC-V Embedded GCC/bin/../lib/gcc/riscv-none-embed/8.2.0/../../../../riscv-none-embed/lib/rv32imac/ilp32/libg_nano.a(lib_a-nano-vfprintf_i.o)
                              /home/larry/MounRiver_Studio_Community_Linux_x64_V160/MRS_Community/toolchain/RISC-V Embedded GCC/bin/../lib/gcc/riscv-none-embed/8.2.0/../../../../riscv-none-embed/lib/rv32imac/ilp32/libg_nano.a(lib_a-nano-svfprintf.o) (_printf_i)
[...]
Memory Configuration

Name             Origin             Length             Attributes
FLASH            0x0000000000000000 0x000000000000f800 xr
RAM              0x0000000020000000 0x0000000000005000 xrw
*default*        0x0000000000000000 0xffffffffffffffff

Linker script and memory map

LOAD ./User/UART.o
LOAD ./User/ch32x035_it.o
LOAD ./User/ch32x035_usbfs_device.o
LOAD ./User/main.o
LOAD ./User/system_ch32x035.o
LOAD ./User/usb_desc.o
LOAD ./Startup/startup_ch32x035.o
LOAD ./Peripheral/src/ch32x035_adc.o
LOAD ./Peripheral/src/ch32x035_awu.o
LOAD ./Peripheral/src/ch32x035_dbgmcu.o
LOAD ./Peripheral/src/ch32x035_dma.o
LOAD ./Peripheral/src/ch32x035_exti.o
LOAD ./Peripheral/src/ch32x035_flash.o
LOAD ./Peripheral/src/ch32x035_gpio.o
LOAD ./Peripheral/src/ch32x035_i2c.o
LOAD ./Peripheral/src/ch32x035_iwdg.o
LOAD ./Peripheral/src/ch32x035_misc.o
LOAD ./Peripheral/src/ch32x035_opa.o
LOAD ./Peripheral/src/ch32x035_pwr.o
LOAD ./Peripheral/src/ch32x035_rcc.o
LOAD ./Peripheral/src/ch32x035_spi.o
LOAD ./Peripheral/src/ch32x035_tim.o
LOAD ./Peripheral/src/ch32x035_usart.o
LOAD ./Peripheral/src/ch32x035_wwdg.o
LOAD ./Debug/debug.o
LOAD ./Core/core_riscv.o
LOAD /home/larry/MounRiver_Studio_Community_Linux_x64_V160/MRS_Community/toolchain/RISC-V Embedded GCC/bin/../lib/gcc/riscv-none-embed/8.2.0/rv32imac/ilp32/libgcc.a
LOAD /home/larry/MounRiver_Studio_Community_Linux_x64_V160/MRS_Community/toolchain/RISC-V Embedded GCC/bin/../lib/gcc/riscv-none-embed/8.2.0/../../../../riscv-none-embed/lib/rv32imac/ilp32/libg_nano.a
LOAD /home/larry/MounRiver_Studio_Community_Linux_x64_V160/MRS_Community/toolchain/RISC-V Embedded GCC/bin/../lib/gcc/riscv-none-embed/8.2.0/../../../../riscv-none-embed/lib/rv32imac/ilp32/libc_nano.a
LOAD /home/larry/MounRiver_Studio_Community_Linux_x64_V160/MRS_Community/toolchain/RISC-V Embedded GCC/bin/../lib/gcc/riscv-none-embed/8.2.0/rv32imac/ilp32/libgcc.a
START GROUP
LOAD /home/larry/MounRiver_Studio_Community_Linux_x64_V160/MRS_Community/toolchain/RISC-V Embedded GCC/bin/../lib/gcc/riscv-none-embed/8.2.0/rv32imac/ilp32/libgcc.a
LOAD /home/larry/MounRiver_Studio_Community_Linux_x64_V160/MRS_Community/toolchain/RISC-V Embedded GCC/bin/../lib/gcc/riscv-none-embed/8.2.0/../../../../riscv-none-embed/lib/rv32imac/ilp32/libc_nano.a
LOAD /home/larry/MounRiver_Studio_Community_Linux_x64_V160/MRS_Community/toolchain/RISC-V Embedded GCC/bin/../lib/gcc/riscv-none-embed/8.2.0/../../../../riscv-none-embed/lib/rv32imac/ilp32/libnosys.a
END GROUP
START GROUP
LOAD /home/larry/MounRiver_Studio_Community_Linux_x64_V160/MRS_Community/toolchain/RISC-V Embedded GCC/bin/../lib/gcc/riscv-none-embed/8.2.0/rv32imac/ilp32/libgcc.a
LOAD /home/larry/MounRiver_Studio_Community_Linux_x64_V160/MRS_Community/toolchain/RISC-V Embedded GCC/bin/../lib/gcc/riscv-none-embed/8.2.0/../../../../riscv-none-embed/lib/rv32imac/ilp32/libc_nano.a
LOAD /home/larry/MounRiver_Studio_Community_Linux_x64_V160/MRS_Community/toolchain/RISC-V Embedded GCC/bin/../lib/gcc/riscv-none-embed/8.2.0/../../../../riscv-none-embed/lib/rv32imac/ilp32/libnosys.a
END GROUP
                0x0000000000000800                __stack_size = 0x800
                [!provide]                        PROVIDE (_stack_size = __stack_size)

.init           0x0000000000000000        0x4
                0x0000000000000000                _sinit = .
                0x0000000000000000                . = ALIGN (0x4)
 *(SORT_NONE(.init))
 .init          0x0000000000000000        0x4 ./Startup/startup_ch32x035.o
                0x0000000000000000                _start
                0x0000000000000004                . = ALIGN (0x4)
                0x0000000000000004                _einit = .

.vector         0x0000000000000004       0xfc
 *(.vector)
 .vector        0x0000000000000004       0xdc ./Startup/startup_ch32x035.o
                0x0000000000000100                . = ALIGN (0x40)
 *fill*         0x00000000000000e0       0x20 

.text           0x0000000000000100     0x5acc
                0x0000000000000100                . = ALIGN (0x4)
 *(.text)
 .text          0x0000000000000100       0x60 /home/larry/MounRiver_Studio_Community_Linux_x64_V160/MRS_Community/toolchain/RISC-V Embedded GCC/bin/../lib/gcc/riscv-none-embed/8.2.0/rv32imac/ilp32/libgcc.a(save-restore.o)
                0x0000000000000100                __riscv_save_12
                0x0000000000000108                __riscv_save_8
                0x0000000000000108                __riscv_save_11
                0x0000000000000108                __riscv_save_9
                0x0000000000000108                __riscv_save_10
                0x0000000000000116                __riscv_save_7
                0x0000000000000116                __riscv_save_4
                0x0000000000000116                __riscv_save_6
                0x0000000000000116                __riscv_save_5
                0x0000000000000130                __riscv_save_1
                0x0000000000000130                __riscv_save_3
                0x0000000000000130                __riscv_save_2
                0x0000000000000130                __riscv_save_0
                0x000000000000013c                __riscv_restore_12
                0x0000000000000140                __riscv_restore_10
                0x0000000000000140                __riscv_restore_11
                0x0000000000000140                __riscv_restore_8
                0x0000000000000140                __riscv_restore_9
                0x000000000000014a                __riscv_restore_5
                0x000000000000014a                __riscv_restore_6
                0x000000000000014a                __riscv_restore_4
                0x000000000000014a                __riscv_restore_7
                0x0000000000000154                __riscv_restore_3
                0x0000000000000154                __riscv_restore_2
                0x0000000000000154                __riscv_restore_0
                0x0000000000000154                __riscv_restore_1
 .text          0x0000000000000160       0xa8 /home/larry/MounRiver_Studio_Community_Linux_x64_V160/MRS_Community/toolchain/RISC-V Embedded GCC/bin/../lib/gcc/riscv-none-embed/8.2.0/../../../../riscv-none-embed/lib/rv32imac/ilp32/libg_nano.a(lib_a-memset.o)
                0x0000000000000160                memset
 *(.text.*)
 .text.RCC_Configuration
                0x0000000000000208       0x18 ./User/UART.o
                0x0000000000000208                RCC_Configuration
 .text.UART2_ParaInit
                0x0000000000000220       0x90 ./User/UART.o
                0x0000000000000220                UART2_ParaInit
 .text.UART2_USB_Init
                0x00000000000002b0       0x48 ./User/UART.o
                0x00000000000002b0                UART2_USB_Init
 .text.NMI_Handler
                0x00000000000002f8        0x4 ./User/ch32x035_it.o
                0x00000000000002f8                NMI_Handler
 .text.HardFault_Handler
                0x00000000000002fc        0x2 ./User/ch32x035_it.o
                0x00000000000002fc                HardFault_Handler
 .text.USBFS_RCC_Init
                0x00000000000002fe       0x16 ./User/ch32x035_usbfs_device.o
                0x00000000000002fe                USBFS_RCC_Init
 .text.USBFS_Device_Endp_Init
                0x0000000000000314       0x78 ./User/ch32x035_usbfs_device.o
                0x0000000000000314                USBFS_Device_Endp_Init
 .text.GPIO_USB_INIT
                0x000000000000038c       0x40 ./User/ch32x035_usbfs_device.o
                0x000000000000038c                GPIO_USB_INIT
 .text.USBFS_Device_Init
                0x00000000000003cc       0x8e ./User/ch32x035_usbfs_device.o
                0x00000000000003cc                USBFS_Device_Init
 .text.USBFS_Endp_DataUp
                0x000000000000045a       0x56 ./User/ch32x035_usbfs_device.o
                0x000000000000045a                USBFS_Endp_DataUp
 .text.USBFS_IRQHandler
                0x00000000000004b0      0x78a ./User/ch32x035_usbfs_device.o
                0x00000000000004b0                USBFS_IRQHandler
 .text.pinMode.part.0
                0x0000000000000c3a      0x11c ./User/main.o
 .text.pinMode  0x0000000000000d56       0x1c ./User/main.o
                0x0000000000000d56                pinMode
 .text.digitalRead
                0x0000000000000d72       0x4a ./User/main.o
                0x0000000000000d72                digitalRead
 .text.digitalWrite
                0x0000000000000dbc       0x46 ./User/main.o
                0x0000000000000dbc                digitalWrite
 .text.SDA_READ
                0x0000000000000e02        0xe ./User/main.o
                0x0000000000000e02                SDA_READ
 .text.SDA_HIGH
                0x0000000000000e10       0x10 ./User/main.o
                0x0000000000000e10                SDA_HIGH
 .text.SDA_LOW  0x0000000000000e20       0x1c ./User/main.o
                0x0000000000000e20                SDA_LOW
 .text.SCL_HIGH
                0x0000000000000e3c       0x10 ./User/main.o
                0x0000000000000e3c                SCL_HIGH
 .text.SCL_LOW  0x0000000000000e4c       0x1c ./User/main.o
                0x0000000000000e4c                SCL_LOW
 .text.i2cByteOut
                0x0000000000000e68       0x62 ./User/main.o
                0x0000000000000e68                i2cByteOut
 .text.i2cByteIn
                0x0000000000000eca       0x60 ./User/main.o
                0x0000000000000eca                i2cByteIn
 .text.i2cEnd   0x0000000000000f2a       0x24 ./User/main.o
                0x0000000000000f2a                i2cEnd
 .text.i2cBegin
                0x0000000000000f4e       0x30 ./User/main.o
                0x0000000000000f4e                i2cBegin
 .text.I2CWrite
                0x0000000000000f7e       0x2c ./User/main.o
                0x0000000000000f7e                I2CWrite
 .text.I2CRead  0x0000000000000faa       0x2a ./User/main.o
                0x0000000000000faa                I2CRead
 .text.SPI_begin
                0x0000000000000fd4       0x96 ./User/main.o
                0x0000000000000fd4                SPI_begin
 .text.SPI_write
                0x000000000000106a       0x32 ./User/main.o
                0x000000000000106a                SPI_write
 .text.udivmod32
                0x000000000000109c       0x2a ./User/main.o
                0x000000000000109c                udivmod32
 .text.my_memcpy
                0x00000000000010c6       0x1c ./User/main.o
                0x00000000000010c6                my_memcpy
 .text.my_strlen
                0x00000000000010e2       0x14 ./User/main.o
                0x00000000000010e2                my_strlen
 .text.DMA1_Channel3_IRQHandler
                0x00000000000010f6       0x78 ./User/main.o
                0x00000000000010f6                DMA1_Channel3_IRQHandler
 .text.DMA_Tx_Init
                0x000000000000116e       0x34 ./User/main.o
                0x000000000000116e                DMA_Tx_Init
 .text.lcdWriteCMD
                0x00000000000011a2       0x48 ./User/main.o
                0x00000000000011a2                lcdWriteCMD
 .text.lcdWriteDATA
                0x00000000000011ea       0x72 ./User/main.o
                0x00000000000011ea                lcdWriteDATA
 .text.lcdInit  0x000000000000125c      0x1d6 ./User/main.o
                0x000000000000125c                lcdInit
 .text.lcdSetPosition
                0x0000000000001432       0x86 ./User/main.o
                0x0000000000001432                lcdSetPosition
 .text.lcdDrawPattern.part.4
                0x00000000000014b8       0x8a ./User/main.o
 .text.lcdFill  0x0000000000001542       0x70 ./User/main.o
                0x0000000000001542                lcdFill
 .text.lcdDrawPattern
                0x00000000000015b2       0x1e ./User/main.o
                0x00000000000015b2                lcdDrawPattern
 .text.lcdWriteString
                0x00000000000015d0      0x264 ./User/main.o
                0x00000000000015d0                lcdWriteString
 .text.lcdWriteStringCustom
                0x0000000000001834      0x3b4 ./User/main.o
                0x0000000000001834                lcdWriteStringCustom
 .text.scd41_readRegister
                0x0000000000001be8       0x4a ./User/main.o
                0x0000000000001be8                scd41_readRegister
 .text.scd41_sendCMD
                0x0000000000001c32       0x26 ./User/main.o
                0x0000000000001c32                scd41_sendCMD
 .text.scd41_getSample
                0x0000000000001c58       0xbc ./User/main.o
                0x0000000000001c58                scd41_getSample
 .text.scd41_wakeup
                0x0000000000001d14       0x16 ./User/main.o
                0x0000000000001d14                scd41_wakeup
 .text.scd41_stop
                0x0000000000001d2a       0x20 ./User/main.o
                0x0000000000001d2a                scd41_stop
 .text.scd41_computeCRC8
                0x0000000000001d4a       0x46 ./User/main.o
                0x0000000000001d4a                scd41_computeCRC8
 .text.scd41_sendCMD2
                0x0000000000001d90       0x3e ./User/main.o
                0x0000000000001d90                scd41_sendCMD2
 .text.scd41_setAutoCalibration
                0x0000000000001dce       0x16 ./User/main.o
                0x0000000000001dce                scd41_setAutoCalibration
 .text.scd41_recalibrate
                0x0000000000001de4       0x3c ./User/main.o
                0x0000000000001de4                scd41_recalibrate
 .text.scd41_start
                0x0000000000001e20       0x42 ./User/main.o
                0x0000000000001e20                scd41_start
 .text.SetBrightness
                0x0000000000001e62       0x2c ./User/main.o
                0x0000000000001e62                SetBrightness
 .text.SendUSBData
                0x0000000000001e8e       0x44 ./User/main.o
                0x0000000000001e8e                SendUSBData
 .text.TIM3_PWMOut_Init
                0x0000000000001ed2       0x9a ./User/main.o
                0x0000000000001ed2                TIM3_PWMOut_Init
 .text.i2str    0x0000000000001f6c       0x6e ./User/main.o
                0x0000000000001f6c                i2str
 .text.ShowLogo
                0x0000000000001fda      0x158 ./User/main.o
                0x0000000000001fda                ShowLogo
 .text.PowerDown
                0x0000000000002132       0x82 ./User/main.o
                0x0000000000002132                PowerDown
 .text.ShowCO2  0x00000000000021b4      0x286 ./User/main.o
                0x00000000000021b4                ShowCO2
 .text.ShowCountdown
                0x000000000000243a       0x6a ./User/main.o
                0x000000000000243a                ShowCountdown
 .text.RunCalibrate
                0x00000000000024a4       0xda ./User/main.o
                0x00000000000024a4                RunCalibrate
 .text.RunLowPower
                0x000000000000257e       0x72 ./User/main.o
                0x000000000000257e                RunLowPower
 .text.ADCInit  0x00000000000025f0       0x80 ./User/main.o
                0x00000000000025f0                ADCInit
 .text.ADCGetValue
                0x0000000000002670       0x1a ./User/main.o
                0x0000000000002670                ADCGetValue
 .text.RunMenu  0x000000000000268a      0x1a8 ./User/main.o
                0x000000000000268a                RunMenu
 .text.startup.main
                0x0000000000002832      0x190 ./User/main.o
                0x0000000000002832                main
 .text.SystemInit
                0x00000000000029c2       0x42 ./User/system_ch32x035.o
                0x00000000000029c2                SystemInit
 .text.SystemCoreClockUpdate
                0x0000000000002a04       0x3c ./User/system_ch32x035.o
                0x0000000000002a04                SystemCoreClockUpdate
 .text.vector_handler
                0x0000000000002a40       0x5a ./Startup/startup_ch32x035.o
                0x0000000000002a44                Ecall_M_Mode_Handler
                0x0000000000002a46                Ecall_U_Mode_Handler
                0x0000000000002a48                Break_Point_Handler
                0x0000000000002a4a                SysTick_Handler
                0x0000000000002a4c                SW_Handler
                0x0000000000002a4e                WWDG_IRQHandler
                0x0000000000002a50                PVD_IRQHandler
                0x0000000000002a52                FLASH_IRQHandler
                0x0000000000002a54                EXTI7_0_IRQHandler
                0x0000000000002a56                AWU_IRQHandler
                0x0000000000002a58                DMA1_Channel1_IRQHandler
                0x0000000000002a5a                DMA1_Channel2_IRQHandler
                0x0000000000002a5e                DMA1_Channel4_IRQHandler
                0x0000000000002a60                DMA1_Channel5_IRQHandler
                0x0000000000002a62                DMA1_Channel6_IRQHandler
                0x0000000000002a64                DMA1_Channel7_IRQHandler
                0x0000000000002a66                ADC1_IRQHandler
                0x0000000000002a68                I2C1_EV_IRQHandler
                0x0000000000002a6a                I2C1_ER_IRQHandler
                0x0000000000002a6c                USART1_IRQHandler
                0x0000000000002a6e                SPI1_IRQHandler
                0x0000000000002a70                TIM1_BRK_IRQHandler
                0x0000000000002a72                TIM1_UP_IRQHandler
                0x0000000000002a74                TIM1_TRG_COM_IRQHandler
                0x0000000000002a76                TIM1_CC_IRQHandler
                0x0000000000002a78                TIM2_UP_IRQHandler
                0x0000000000002a7a                USART2_IRQHandler
                0x0000000000002a7c                EXTI15_8_IRQHandler
                0x0000000000002a7e                EXTI25_16_IRQHandler
                0x0000000000002a80                USART3_IRQHandler
                0x0000000000002a82                USART4_IRQHandler
                0x0000000000002a84                DMA1_Channel8_IRQHandler
                0x0000000000002a88                USBFSWakeUp_IRQHandler
                0x0000000000002a8a                PIOC_IRQHandler
                0x0000000000002a8c                OPA_IRQHandler
                0x0000000000002a8e                USBPD_IRQHandler
                0x0000000000002a90                USBPDWakeUp_IRQHandler
                0x0000000000002a92                TIM2_CC_IRQHandler
                0x0000000000002a94                TIM2_TRG_COM_IRQHandler
                0x0000000000002a96                TIM2_BRK_IRQHandler
                0x0000000000002a98                TIM3_IRQHandler
 .text.handle_reset
                0x0000000000002a9a       0x86 ./Startup/startup_ch32x035.o
                0x0000000000002a9a                handle_reset
 .text.ADC_DeInit
                0x0000000000002b20       0x26 ./Peripheral/src/ch32x035_adc.o
                0x0000000000002b20                ADC_DeInit
 .text.ADC_Init
                0x0000000000002b46       0x58 ./Peripheral/src/ch32x035_adc.o
                0x0000000000002b46                ADC_Init
 .text.ADC_Cmd  0x0000000000002b9e       0x10 ./Peripheral/src/ch32x035_adc.o
                0x0000000000002b9e                ADC_Cmd
 .text.ADC_SoftwareStartConvCmd
                0x0000000000002bae       0x18 ./Peripheral/src/ch32x035_adc.o
                0x0000000000002bae                ADC_SoftwareStartConvCmd
 .text.ADC_RegularChannelConfig
                0x0000000000002bc6       0xb8 ./Peripheral/src/ch32x035_adc.o
                0x0000000000002bc6                ADC_RegularChannelConfig
 .text.ADC_GetConversionValue
                0x0000000000002c7e        0x8 ./Peripheral/src/ch32x035_adc.o
                0x0000000000002c7e                ADC_GetConversionValue
 .text.ADC_CLKConfig
                0x0000000000002c86        0xc ./Peripheral/src/ch32x035_adc.o
                0x0000000000002c86                ADC_CLKConfig
 .text.GPIO_Init
                0x0000000000002c92      0x16e ./Peripheral/src/ch32x035_gpio.o
                0x0000000000002c92                GPIO_Init
 .text.NVIC_PriorityGroupConfig
                0x0000000000002e00        0x6 ./Peripheral/src/ch32x035_misc.o
                0x0000000000002e00                NVIC_PriorityGroupConfig
 .text.PWR_PVDLevelConfig
                0x0000000000002e06       0x10 ./Peripheral/src/ch32x035_pwr.o
                0x0000000000002e06                PWR_PVDLevelConfig
 .text.PWR_GetFlagStatus
                0x0000000000002e16        0xe ./Peripheral/src/ch32x035_pwr.o
                0x0000000000002e16                PWR_GetFlagStatus
 .text.PWR_VDD_SupplyVoltage
                0x0000000000002e24       0x30 ./Peripheral/src/ch32x035_pwr.o
                0x0000000000002e24                PWR_VDD_SupplyVoltage
 .text.RCC_AHBPeriphClockCmd
                0x0000000000002e54       0x1e ./Peripheral/src/ch32x035_rcc.o
                0x0000000000002e54                RCC_AHBPeriphClockCmd
 .text.RCC_APB2PeriphClockCmd
                0x0000000000002e72       0x1e ./Peripheral/src/ch32x035_rcc.o
                0x0000000000002e72                RCC_APB2PeriphClockCmd
 .text.RCC_APB1PeriphClockCmd
                0x0000000000002e90       0x1e ./Peripheral/src/ch32x035_rcc.o
                0x0000000000002e90                RCC_APB1PeriphClockCmd
 .text.RCC_APB2PeriphResetCmd
                0x0000000000002eae       0x1e ./Peripheral/src/ch32x035_rcc.o
                0x0000000000002eae                RCC_APB2PeriphResetCmd
 .text.TIM_TimeBaseInit
                0x0000000000002ecc       0x6c ./Peripheral/src/ch32x035_tim.o
                0x0000000000002ecc                TIM_TimeBaseInit
 .text.TIM_OC1Init
                0x0000000000002f38       0x90 ./Peripheral/src/ch32x035_tim.o
                0x0000000000002f38                TIM_OC1Init
 .text.TIM_Cmd  0x0000000000002fc8       0x1c ./Peripheral/src/ch32x035_tim.o
                0x0000000000002fc8                TIM_Cmd
 .text.TIM_CtrlPWMOutputs
                0x0000000000002fe4       0x16 ./Peripheral/src/ch32x035_tim.o
                0x0000000000002fe4                TIM_CtrlPWMOutputs
 .text.TIM_ARRPreloadConfig
                0x0000000000002ffa       0x1e ./Peripheral/src/ch32x035_tim.o
                0x0000000000002ffa                TIM_ARRPreloadConfig
 .text.TIM_OC1PreloadConfig
                0x0000000000003018       0x12 ./Peripheral/src/ch32x035_tim.o
                0x0000000000003018                TIM_OC1PreloadConfig
 .text.Delay_Init
                0x000000000000302a       0x26 ./Debug/debug.o
                0x000000000000302a                Delay_Init
 .text.Delay_Us
                0x0000000000003050       0x36 ./Debug/debug.o
                0x0000000000003050                Delay_Us
 .text.Delay_Ms
                0x0000000000003086       0x36 ./Debug/debug.o
                0x0000000000003086                Delay_Ms
 .text._sbrk    0x00000000000030bc       0x26 ./Debug/debug.o
                0x00000000000030bc                _sbrk
 .text.memcpy   0x00000000000030e2       0xb6 /home/larry/MounRiver_Studio_Community_Linux_x64_V160/MRS_Community/toolchain/RISC-V Embedded GCC/bin/../lib/gcc/riscv-none-embed/8.2.0/../../../../riscv-none-embed/lib/rv32imac/ilp32/libg_nano.a(lib_a-memcpy.o)
                0x00000000000030e2                memcpy
 .text.sprintf  0x0000000000003198       0x44 /home/larry/MounRiver_Studio_Community_Linux_x64_V160/MRS_Community/toolchain/RISC-V Embedded GCC/bin/../lib/gcc/riscv-none-embed/8.2.0/../../../../riscv-none-embed/lib/rv32imac/ilp32/libg_nano.a(lib_a-sprintf.o)
                0x0000000000003198                sprintf
                0x0000000000003198                siprintf
 .text.strlen   0x00000000000031dc       0x12 /home/larry/MounRiver_Studio_Community_Linux_x64_V160/MRS_Community/toolchain/RISC-V Embedded GCC/bin/../lib/gcc/riscv-none-embed/8.2.0/../../../../riscv-none-embed/lib/rv32imac/ilp32/libg_nano.a(lib_a-strlen.o)
                0x00000000000031dc                strlen
 .text._malloc_r
                0x00000000000031ee       0xd8 /home/larry/MounRiver_Studio_Community_Linux_x64_V160/MRS_Community/toolchain/RISC-V Embedded GCC/bin/../lib/gcc/riscv-none-embed/8.2.0/../../../../riscv-none-embed/lib/rv32imac/ilp32/libg_nano.a(lib_a-nano-mallocr.o)
                0x00000000000031ee                _malloc_r
 .text.__ssputs_r
                0x00000000000032c6       0xe8 /home/larry/MounRiver_Studio_Community_Linux_x64_V160/MRS_Community/toolchain/RISC-V Embedded GCC/bin/../lib/gcc/riscv-none-embed/8.2.0/../../../../riscv-none-embed/lib/rv32imac/ilp32/libg_nano.a(lib_a-nano-svfprintf.o)
                0x00000000000032c6                __ssputs_r
 .text._svfprintf_r
                0x00000000000033ae      0x27a /home/larry/MounRiver_Studio_Community_Linux_x64_V160/MRS_Community/toolchain/RISC-V Embedded GCC/bin/../lib/gcc/riscv-none-embed/8.2.0/../../../../riscv-none-embed/lib/rv32imac/ilp32/libg_nano.a(lib_a-nano-svfprintf.o)
                0x00000000000033ae                _svfprintf_r
                0x00000000000033ae                _svfiprintf_r
 .text._printf_common
                0x0000000000003628      0x10c /home/larry/MounRiver_Studio_Community_Linux_x64_V160/MRS_Community/toolchain/RISC-V Embedded GCC/bin/../lib/gcc/riscv-none-embed/8.2.0/../../../../riscv-none-embed/lib/rv32imac/ilp32/libg_nano.a(lib_a-nano-vfprintf_i.o)
                0x0000000000003628                _printf_common
 .text._printf_i
                0x0000000000003734      0x2aa /home/larry/MounRiver_Studio_Community_Linux_x64_V160/MRS_Community/toolchain/RISC-V Embedded GCC/bin/../lib/gcc/riscv-none-embed/8.2.0/../../../../riscv-none-embed/lib/rv32imac/ilp32/libg_nano.a(lib_a-nano-vfprintf_i.o)
                0x0000000000003734                _printf_i
 .text._sbrk_r  0x00000000000039de       0x2a /home/larry/MounRiver_Studio_Community_Linux_x64_V160/MRS_Community/toolchain/RISC-V Embedded GCC/bin/../lib/gcc/riscv-none-embed/8.2.0/../../../../riscv-none-embed/lib/rv32imac/ilp32/libg_nano.a(lib_a-sbrkr.o)
                0x00000000000039de                _sbrk_r
 .text.memchr   0x0000000000003a08       0x1a /home/larry/MounRiver_Studio_Community_Linux_x64_V160/MRS_Community/toolchain/RISC-V Embedded GCC/bin/../lib/gcc/riscv-none-embed/8.2.0/../../../../riscv-none-embed/lib/rv32imac/ilp32/libg_nano.a(lib_a-memchr.o)
                0x0000000000003a08                memchr
 .text.memmove  0x0000000000003a22       0x4a /home/larry/MounRiver_Studio_Community_Linux_x64_V160/MRS_Community/toolchain/RISC-V Embedded GCC/bin/../lib/gcc/riscv-none-embed/8.2.0/../../../../riscv-none-embed/lib/rv32imac/ilp32/libg_nano.a(lib_a-memmove.o)
                0x0000000000003a22                memmove
 .text.__malloc_lock
                0x0000000000003a6c        0x2 /home/larry/MounRiver_Studio_Community_Linux_x64_V160/MRS_Community/toolchain/RISC-V Embedded GCC/bin/../lib/gcc/riscv-none-embed/8.2.0/../../../../riscv-none-embed/lib/rv32imac/ilp32/libg_nano.a(lib_a-mlock.o)
                0x0000000000003a6c                __malloc_lock
 .text.__malloc_unlock
                0x0000000000003a6e        0x2 /home/larry/MounRiver_Studio_Community_Linux_x64_V160/MRS_Community/toolchain/RISC-V Embedded GCC/bin/../lib/gcc/riscv-none-embed/8.2.0/../../../../riscv-none-embed/lib/rv32imac/ilp32/libg_nano.a(lib_a-mlock.o)
                0x0000000000003a6e                __malloc_unlock
 .text._free_r  0x0000000000003a70       0xa8 /home/larry/MounRiver_Studio_Community_Linux_x64_V160/MRS_Community/toolchain/RISC-V Embedded GCC/bin/../lib/gcc/riscv-none-embed/8.2.0/../../../../riscv-none-embed/lib/rv32imac/ilp32/libg_nano.a(lib_a-nano-freer.o)
                0x0000000000003a70                _free_r
 .text._realloc_r
                0x0000000000003b18       0x58 /home/larry/MounRiver_Studio_Community_Linux_x64_V160/MRS_Community/toolchain/RISC-V Embedded GCC/bin/../lib/gcc/riscv-none-embed/8.2.0/../../../../riscv-none-embed/lib/rv32imac/ilp32/libg_nano.a(lib_a-nano-reallocr.o)
                0x0000000000003b18                _realloc_r
 .text._malloc_usable_size_r
                0x0000000000003b70       0x14 /home/larry/MounRiver_Studio_Community_Linux_x64_V160/MRS_Community/toolchain/RISC-V Embedded GCC/bin/../lib/gcc/riscv-none-embed/8.2.0/../../../../riscv-none-embed/lib/rv32imac/ilp32/libg_nano.a(lib_a-nano-msizer.o)
                0x0000000000003b70                _malloc_usable_size_r
 *(.rodata)
 .rodata        0x0000000000003b84       0x20 ./User/main.o
 *(.rodata*)
 .rodata.USBFS_IRQHandler
                0x0000000000003ba4       0x30 ./User/ch32x035_usbfs_device.o
 .rodata.lcdInit
                0x0000000000003bd4       0x30 ./User/main.o
 .rodata.Open_Sans_Condensed_Bold_24
                0x0000000000003c04        0xc ./User/main.o
                0x0000000000003c04                Open_Sans_Condensed_Bold_24
 .rodata.Open_Sans_Condensed_Bold_24Bitmaps
                0x0000000000003c10      0x6c4 ./User/main.o
                0x0000000000003c10                Open_Sans_Condensed_Bold_24Bitmaps
 .rodata.Open_Sans_Condensed_Bold_24Glyphs
                0x00000000000042d4      0x2f0 ./User/main.o
                0x00000000000042d4                Open_Sans_Condensed_Bold_24Glyphs
 .rodata.PowerDown.str1.4
                0x00000000000045c4       0x31 ./User/main.o
 *fill*         0x00000000000045f5        0x3 
 .rodata.Roboto_Black_40
                0x00000000000045f8        0xc ./User/main.o
                0x00000000000045f8                Roboto_Black_40
 .rodata.Roboto_Black_40Bitmaps
                0x0000000000004604      0x5d4 ./User/main.o
                0x0000000000004604                Roboto_Black_40Bitmaps
 .rodata.Roboto_Black_40Glyphs
                0x0000000000004bd8       0xd8 ./User/main.o
                0x0000000000004bd8                Roboto_Black_40Glyphs
 .rodata.RunCalibrate.str1.4
                0x0000000000004cb0       0x39 ./User/main.o
 *fill*         0x0000000000004ce9        0x3 
 .rodata.RunMenu.str1.4
                0x0000000000004cec       0x31 ./User/main.o
 *fill*         0x0000000000004d1d        0x3 
 .rodata.ShowCO2.str1.4
                0x0000000000004d20       0x18 ./User/main.o
 .rodata.ShowLogo.str1.4
                0x0000000000004d38       0x23 ./User/main.o
 *fill*         0x0000000000004d5b        0x1 
 .rodata.batt0_32x16
                0x0000000000004d5c       0x40 ./User/main.o
                0x0000000000004d5c                batt0_32x16
 .rodata.batt100_32x16
                0x0000000000004d9c       0x40 ./User/main.o
                0x0000000000004d9c                batt100_32x16
 .rodata.batt25_32x16
                0x0000000000004ddc       0x40 ./User/main.o
                0x0000000000004ddc                batt25_32x16
 .rodata.batt50_32x16
                0x0000000000004e1c       0x40 ./User/main.o
                0x0000000000004e1c                batt50_32x16
 .rodata.batt75_32x16
                0x0000000000004e5c       0x40 ./User/main.o
                0x0000000000004e5c                batt75_32x16
 .rodata.battchg_32x16
                0x0000000000004e9c       0x40 ./User/main.o
                0x0000000000004e9c                battchg_32x16
 .rodata.bb_logo_40x80
                0x0000000000004edc      0x280 ./User/main.o
                0x0000000000004edc                bb_logo_40x80
 .rodata.humidity
                0x000000000000515c      0x136 ./User/main.o
                0x000000000000515c                humidity
 *fill*         0x0000000000005292        0x2 
 .rodata.str1.4
                0x0000000000005294       0x2e ./User/main.o
 *fill*         0x00000000000052c2        0x2 
 .rodata.temp_bw
                0x00000000000052c4      0x132 ./User/main.o
                0x00000000000052c4                temp_bw
 *fill*         0x00000000000053f6        0x2 
 .rodata.u16Heights
                0x00000000000053f8       0x18 ./User/main.o
 .rodata.u16Widths
                0x0000000000005410       0x18 ./User/main.o
 .rodata.u8XOffs
                0x0000000000005428        0xc ./User/main.o
 .rodata.u8YOffs
                0x0000000000005434        0xc ./User/main.o
 .rodata.uc128InitList
                0x0000000000005440       0x2f ./User/main.o
                0x0000000000005440                uc128InitList
 *fill*         0x000000000000546f        0x1 
 .rodata.uc160InitList
                0x0000000000005470       0x2f ./User/main.o
                0x0000000000005470                uc160InitList
 *fill*         0x000000000000549f        0x1 
 .rodata.uc240x240InitList
                0x00000000000054a0       0x51 ./User/main.o
                0x00000000000054a0                uc240x240InitList
 *fill*         0x00000000000054f1        0x3 
 .rodata.uc80InitList
                0x00000000000054f4       0x2f ./User/main.o
                0x00000000000054f4                uc80InitList
 *fill*         0x0000000000005523        0x1 
 .rodata.uc80InitList2
                0x0000000000005524       0x2f ./User/main.o
                0x0000000000005524                uc80InitList2
 *fill*         0x0000000000005553        0x1 
 .rodata.ucFont
                0x0000000000005554      0x2a0 ./User/main.o
                0x0000000000005554                ucFont
 .rodata.ucGC9107InitList
                0x00000000000057f4       0x51 ./User/main.o
                0x00000000000057f4                ucGC9107InitList
 *fill*         0x0000000000005845        0x3 
 .rodata.ucILI9341InitList
                0x0000000000005848       0x6e ./User/main.o
                0x0000000000005848                ucILI9341InitList
 *fill*         0x00000000000058b6        0x2 
 .rodata.ucSmallFont
                0x00000000000058b8      0x1e0 ./User/main.o
                0x00000000000058b8                ucSmallFont
 .rodata.MyCfgDescr
                0x0000000000005a98       0x43 ./User/usb_desc.o
                0x0000000000005a98                MyCfgDescr
 *fill*         0x0000000000005adb        0x1 
 .rodata.MyDevDescr
                0x0000000000005adc       0x12 ./User/usb_desc.o
                0x0000000000005adc                MyDevDescr
 *fill*         0x0000000000005aee        0x2 
 .rodata.MyManuInfo
                0x0000000000005af0        0xe ./User/usb_desc.o
                0x0000000000005af0                MyManuInfo
 *fill*         0x0000000000005afe        0x2 
 .rodata.MyProdInfo
                0x0000000000005b00       0x16 ./User/usb_desc.o
                0x0000000000005b00                MyProdInfo
 *fill*         0x0000000000005b16        0x2 
 .rodata.MySerNumInfo
                0x0000000000005b18       0x16 ./User/usb_desc.o
                0x0000000000005b18                MySerNumInfo
 *fill*         0x0000000000005b2e        0x2 
 .rodata.__sf_fake_stderr
                0x0000000000005b30       0x20 /home/larry/MounRiver_Studio_Community_Linux_x64_V160/MRS_Community/toolchain/RISC-V Embedded GCC/bin/../lib/gcc/riscv-none-embed/8.2.0/../../../../riscv-none-embed/lib/rv32imac/ilp32/libg_nano.a(lib_a-findfp.o)
                0x0000000000005b30                __sf_fake_stderr
 .rodata.__sf_fake_stdin
                0x0000000000005b50       0x20 /home/larry/MounRiver_Studio_Community_Linux_x64_V160/MRS_Community/toolchain/RISC-V Embedded GCC/bin/../lib/gcc/riscv-none-embed/8.2.0/../../../../riscv-none-embed/lib/rv32imac/ilp32/libg_nano.a(lib_a-findfp.o)
                0x0000000000005b50                __sf_fake_stdin
 .rodata.__sf_fake_stdout
                0x0000000000005b70       0x20 /home/larry/MounRiver_Studio_Community_Linux_x64_V160/MRS_Community/toolchain/RISC-V Embedded GCC/bin/../lib/gcc/riscv-none-embed/8.2.0/../../../../riscv-none-embed/lib/rv32imac/ilp32/libg_nano.a(lib_a-findfp.o)
                0x0000000000005b70                __sf_fake_stdout
 .rodata._svfprintf_r.str1.4
                0x0000000000005b90       0x13 /home/larry/MounRiver_Studio_Community_Linux_x64_V160/MRS_Community/toolchain/RISC-V Embedded GCC/bin/../lib/gcc/riscv-none-embed/8.2.0/../../../../riscv-none-embed/lib/rv32imac/ilp32/libg_nano.a(lib_a-nano-svfprintf.o)
 *fill*         0x0000000000005ba3        0x1 
 .rodata._printf_i.str1.4
                0x0000000000005ba4       0x28 /home/larry/MounRiver_Studio_Community_Linux_x64_V160/MRS_Community/toolchain/RISC-V Embedded GCC/bin/../lib/gcc/riscv-none-embed/8.2.0/../../../../riscv-none-embed/lib/rv32imac/ilp32/libg_nano.a(lib_a-nano-vfprintf_i.o)
                                         0x25 (size before relaxing)
 *(.gnu.linkonce.t.*)
                0x0000000000005bcc                . = ALIGN (0x4)

.rela.dyn       0x0000000000005bcc        0x0
 .rela.init     0x0000000000005bcc        0x0 ./User/UART.o
 .rela.vector   0x0000000000005bcc        0x0 ./User/UART.o
 .rela.text.handle_reset
                0x0000000000005bcc        0x0 ./User/UART.o
 .rela.text._sbrk
                0x0000000000005bcc        0x0 ./User/UART.o
 .rela.sdata.curbrk.4333
                0x0000000000005bcc        0x0 ./User/UART.o
 .rela.text._svfprintf_r
                0x0000000000005bcc        0x0 ./User/UART.o
 .rela.text._sbrk_r
                0x0000000000005bcc        0x0 ./User/UART.o

.fini           0x0000000000005bcc        0x0
 *(SORT_NONE(.fini))
                0x0000000000005bcc                . = ALIGN (0x4)
                [!provide]                        PROVIDE (_etext = .)
                [!provide]                        PROVIDE (_eitcm = .)

.preinit_array  0x0000000000005bcc        0x0
                [!provide]                        PROVIDE (__preinit_array_start = .)
 *(.preinit_array)
                [!provide]                        PROVIDE (__preinit_array_end = .)

.init_array     0x0000000000005bcc        0x0
                [!provide]                        PROVIDE (__init_array_start = .)
 *(SORT_BY_INIT_PRIORITY(.init_array.*) SORT_BY_INIT_PRIORITY(.ctors.*))
 *(.init_array EXCLUDE_FILE(*crtend?.o *crtend.o *crtbegin?.o *crtbegin.o) .ctors)
                [!provide]                        PROVIDE (__init_array_end = .)

.fini_array     0x0000000000005bcc        0x0
                [!provide]                        PROVIDE (__fini_array_start = .)
 *(SORT_BY_INIT_PRIORITY(.fini_array.*) SORT_BY_INIT_PRIORITY(.dtors.*))
 *(.fini_array EXCLUDE_FILE(*crtend?.o *crtend.o *crtbegin?.o *crtbegin.o) .dtors)
                [!provide]                        PROVIDE (__fini_array_end = .)

.ctors
 *crtbegin.o(.ctors)
 *crtbegin?.o(.ctors)
 *(EXCLUDE_FILE(*crtend?.o *crtend.o) .ctors)
 *(SORT_BY_NAME(.ctors.*))
 *(.ctors)

.dtors
 *crtbegin.o(.dtors)
 *crtbegin?.o(.dtors)
 *(EXCLUDE_FILE(*crtend?.o *crtend.o) .dtors)
 *(SORT_BY_NAME(.dtors.*))
 *(.dtors)

.dalign         0x0000000020000000        0x0 load address 0x0000000000005bcc
                0x0000000020000000                . = ALIGN (0x4)
                0x0000000020000000                PROVIDE (_data_vma = .)

.dlalign        0x0000000000005bcc        0x0
                0x0000000000005bcc                . = ALIGN (0x4)
                0x0000000000005bcc                PROVIDE (_data_lma = .)

.data           0x0000000020000000       0xa0 load address 0x0000000000005bcc
 *(.gnu.linkonce.r.*)
 *(.data .data.*)
 .data.AHBPrescTable
                0x0000000020000000       0x10 ./User/system_ch32x035.o
                0x0000000020000000                AHBPrescTable
 .data.impure_data
                0x0000000020000010       0x60 /home/larry/MounRiver_Studio_Community_Linux_x64_V160/MRS_Community/toolchain/RISC-V Embedded GCC/bin/../lib/gcc/riscv-none-embed/8.2.0/../../../../riscv-none-embed/lib/rv32imac/ilp32/libg_nano.a(lib_a-impure.o)
 *(.gnu.linkonce.d.*)
                0x0000000020000070                . = ALIGN (0x8)
                0x0000000020000870                PROVIDE (__global_pointer$ = (. + 0x800))
 *(.sdata .sdata.*)
 .sdata.bUseDMA
                0x0000000020000070        0x4 ./User/main.o
                0x0000000020000070                bUseDMA
 .sdata.iDelay  0x0000000020000074        0x4 ./User/main.o
                0x0000000020000074                iDelay
 .sdata.pCache0
                0x0000000020000078        0x4 ./User/main.o
                0x0000000020000078                pCache0
 .sdata.pCache1
                0x000000002000007c        0x4 ./User/main.o
                0x000000002000007c                pCache1
 .sdata.SystemCoreClock
                0x0000000020000080        0x4 ./User/system_ch32x035.o
                0x0000000020000080                SystemCoreClock
 .sdata.CFGHR_tmpA
                0x0000000020000084        0x4 ./Peripheral/src/ch32x035_gpio.o
                0x0000000020000084                CFGHR_tmpA
 .sdata.CFGHR_tmpB
                0x0000000020000088        0x4 ./Peripheral/src/ch32x035_gpio.o
                0x0000000020000088                CFGHR_tmpB
 .sdata.CFGHR_tmpC
                0x000000002000008c        0x4 ./Peripheral/src/ch32x035_gpio.o
                0x000000002000008c                CFGHR_tmpC
 .sdata.curbrk.4333
                0x0000000020000090        0x4 ./Debug/debug.o
 .sdata._impure_ptr
                0x0000000020000094        0x4 /home/larry/MounRiver_Studio_Community_Linux_x64_V160/MRS_Community/toolchain/RISC-V Embedded GCC/bin/../lib/gcc/riscv-none-embed/8.2.0/../../../../riscv-none-embed/lib/rv32imac/ilp32/libg_nano.a(lib_a-impure.o)
                0x0000000020000094                _impure_ptr
 *(.sdata2.*)
 .sdata2.MyLangDescr
                0x0000000020000098        0x4 ./User/usb_desc.o
                0x0000000020000098                MyLangDescr
 *(.gnu.linkonce.s.*)
                0x00000000200000a0                . = ALIGN (0x8)
 *fill*         0x000000002000009c        0x4 
 *(.srodata.cst16)
 *(.srodata.cst8)
 *(.srodata.cst4)
 *(.srodata.cst2)
 *(.srodata .srodata.*)
                0x00000000200000a0                . = ALIGN (0x4)
                0x00000000200000a0                PROVIDE (_edata = .)

.bss            0x00000000200000a0      0xa98 load address 0x0000000000005c6c
                0x00000000200000a0                . = ALIGN (0x4)
                0x00000000200000a0                PROVIDE (_sbss = .)
 *(.sbss*)
 .sbss.UARTx_Rx_DMACurCount
                0x00000000200000a0        0x4 ./User/UART.o
                0x00000000200000a0                UARTx_Rx_DMACurCount
 .sbss.UARTx_Rx_DMALastCount
                0x00000000200000a4        0x4 ./User/UART.o
                0x00000000200000a4                UARTx_Rx_DMALastCount
 .sbss.USBFS_DevAddr
                0x00000000200000a8        0x1 ./User/ch32x035_usbfs_device.o
                0x00000000200000a8                USBFS_DevAddr
 .sbss.USBFS_DevConfig
                0x00000000200000a9        0x1 ./User/ch32x035_usbfs_device.o
                0x00000000200000a9                USBFS_DevConfig
 .sbss.USBFS_DevEnumStatus
                0x00000000200000aa        0x1 ./User/ch32x035_usbfs_device.o
                0x00000000200000aa                USBFS_DevEnumStatus
 .sbss.USBFS_DevSleepStatus
                0x00000000200000ab        0x1 ./User/ch32x035_usbfs_device.o
                0x00000000200000ab                USBFS_DevSleepStatus
 .sbss.USBFS_Endp_Busy
                0x00000000200000ac        0x8 ./User/ch32x035_usbfs_device.o
                0x00000000200000ac                USBFS_Endp_Busy
 .sbss.USBFS_SetupReqCode
                0x00000000200000b4        0x1 ./User/ch32x035_usbfs_device.o
                0x00000000200000b4                USBFS_SetupReqCode
 *fill*         0x00000000200000b5        0x1 
 .sbss.USBFS_SetupReqIndex
                0x00000000200000b6        0x2 ./User/ch32x035_usbfs_device.o
                0x00000000200000b6                USBFS_SetupReqIndex
 .sbss.USBFS_SetupReqLen
                0x00000000200000b8        0x2 ./User/ch32x035_usbfs_device.o
                0x00000000200000b8                USBFS_SetupReqLen
 .sbss.USBFS_SetupReqType
                0x00000000200000ba        0x1 ./User/ch32x035_usbfs_device.o
                0x00000000200000ba                USBFS_SetupReqType
 *fill*         0x00000000200000bb        0x1 
 .sbss.USBFS_SetupReqValue
                0x00000000200000bc        0x2 ./User/ch32x035_usbfs_device.o
                0x00000000200000bc                USBFS_SetupReqValue
 *fill*         0x00000000200000be        0x2 
 .sbss.pUSBFS_Descr
                0x00000000200000c0        0x4 ./User/ch32x035_usbfs_device.o
                0x00000000200000c0                pUSBFS_Descr
 .sbss._iCO2    0x00000000200000c4        0x2 ./User/main.o
                0x00000000200000c4                _iCO2
 *fill*         0x00000000200000c6        0x2 
 .sbss._iHumidity
                0x00000000200000c8        0x4 ./User/main.o
                0x00000000200000c8                _iHumidity
 .sbss._iPowerMode
                0x00000000200000cc        0x4 ./User/main.o
                0x00000000200000cc                _iPowerMode
 .sbss._iTemperature
                0x00000000200000d0        0x4 ./User/main.o
                0x00000000200000d0                _iTemperature
 .sbss.bDMA     0x00000000200000d4        0x4 ./User/main.o
                0x00000000200000d4                bDMA
 .sbss.iBattery
                0x00000000200000d8        0x4 ./User/main.o
                0x00000000200000d8                iBattery
 .sbss.iBrightness
                0x00000000200000dc        0x4 ./User/main.o
                0x00000000200000dc                iBrightness
 .sbss.iCursorX
                0x00000000200000e0        0x4 ./User/main.o
 .sbss.iCursorY
                0x00000000200000e4        0x4 ./User/main.o
 .sbss.iLCDHeight
                0x00000000200000e8        0x4 ./User/main.o
                0x00000000200000e8                iLCDHeight
 .sbss.iLCDPitch
                0x00000000200000ec        0x4 ./User/main.o
                0x00000000200000ec                iLCDPitch
 .sbss.iLCDWidth
                0x00000000200000f0        0x4 ./User/main.o
                0x00000000200000f0                iLCDWidth
 .sbss.iLCDXOff
                0x00000000200000f4        0x4 ./User/main.o
                0x00000000200000f4                iLCDXOff
 .sbss.iLCDYOff
                0x00000000200000f8        0x4 ./User/main.o
                0x00000000200000f8                iLCDYOff
 .sbss.iNativeHeight
                0x00000000200000fc        0x4 ./User/main.o
                0x00000000200000fc                iNativeHeight
 .sbss.iNativeWidth
                0x0000000020000100        0x4 ./User/main.o
                0x0000000020000100                iNativeWidth
 .sbss.iNativeXOff
                0x0000000020000104        0x4 ./User/main.o
                0x0000000020000104                iNativeXOff
 .sbss.iNativeYOff
                0x0000000020000108        0x4 ./User/main.o
                0x0000000020000108                iNativeYOff
 .sbss.iOldLen.5606
                0x000000002000010c        0x4 ./User/main.o
 .sbss.u8BL     0x0000000020000110        0x1 ./User/main.o
                0x0000000020000110                u8BL
 .sbss.u8BitBang
                0x0000000020000111        0x1 ./User/main.o
 .sbss.u8CS     0x0000000020000112        0x1 ./User/main.o
                0x0000000020000112                u8CS
 .sbss.u8DC     0x0000000020000113        0x1 ./User/main.o
                0x0000000020000113                u8DC
 .sbss.u8MADCTL
                0x0000000020000114        0x1 ./User/main.o
                0x0000000020000114                u8MADCTL
 .sbss.u8SCL_Pin
                0x0000000020000115        0x1 ./User/main.o
                0x0000000020000115                u8SCL_Pin
 .sbss.u8SDA_Pin
                0x0000000020000116        0x1 ./User/main.o
                0x0000000020000116                u8SDA_Pin
 *fill*         0x0000000020000117        0x1 
 .sbss.usBG     0x0000000020000118        0x2 ./User/main.o
                0x0000000020000118                usBG
 .sbss.usFG     0x000000002000011a        0x2 ./User/main.o
                0x000000002000011a                usFG
 .sbss.NVIC_Priority_Group
                0x000000002000011c        0x4 ./Peripheral/src/ch32x035_misc.o
                0x000000002000011c                NVIC_Priority_Group
 .sbss.p_ms     0x0000000020000120        0x2 ./Debug/debug.o
 .sbss.p_us     0x0000000020000122        0x1 ./Debug/debug.o
 *fill*         0x0000000020000123        0x1 
 .sbss.__malloc_free_list
                0x0000000020000124        0x4 /home/larry/MounRiver_Studio_Community_Linux_x64_V160/MRS_Community/toolchain/RISC-V Embedded GCC/bin/../lib/gcc/riscv-none-embed/8.2.0/../../../../riscv-none-embed/lib/rv32imac/ilp32/libg_nano.a(lib_a-nano-mallocr.o)
                0x0000000020000124                __malloc_free_list
 .sbss.__malloc_sbrk_start
                0x0000000020000128        0x4 /home/larry/MounRiver_Studio_Community_Linux_x64_V160/MRS_Community/toolchain/RISC-V Embedded GCC/bin/../lib/gcc/riscv-none-embed/8.2.0/../../../../riscv-none-embed/lib/rv32imac/ilp32/libg_nano.a(lib_a-nano-mallocr.o)
                0x0000000020000128                __malloc_sbrk_start
 *(.gnu.linkonce.sb.*)
 *(.bss*)
 .bss.UART2_Tx_Buf
                0x000000002000012c      0x400 ./User/UART.o
                0x000000002000012c                UART2_Tx_Buf
 .bss.Uart      0x000000002000052c       0x46 ./User/UART.o
                0x000000002000052c                Uart
 *fill*         0x0000000020000572        0x2 
 .bss.USBFS_EP0_4Buf
                0x0000000020000574       0x40 ./User/ch32x035_usbfs_device.o
                0x0000000020000574                USBFS_EP0_4Buf
 .bss.USBFS_EP1_Buf
                0x00000000200005b4       0x40 ./User/ch32x035_usbfs_device.o
                0x00000000200005b4                USBFS_EP1_Buf
 .bss.USBFS_EP3_Buf
                0x00000000200005f4       0x40 ./User/ch32x035_usbfs_device.o
                0x00000000200005f4                USBFS_EP3_Buf
 .bss.u8Cache0  0x0000000020000634      0x280 ./User/main.o
                0x0000000020000634                u8Cache0
 .bss.u8Cache1  0x00000000200008b4      0x280 ./User/main.o
                0x00000000200008b4                u8Cache1
 *(.gnu.linkonce.b.*)
 *(COMMON*)
 COMMON         0x0000000020000b34        0x4 /home/larry/MounRiver_Studio_Community_Linux_x64_V160/MRS_Community/toolchain/RISC-V Embedded GCC/bin/../lib/gcc/riscv-none-embed/8.2.0/../../../../riscv-none-embed/lib/rv32imac/ilp32/libg_nano.a(lib_a-reent.o)
                0x0000000020000b34                errno
                0x0000000020000b38                . = ALIGN (0x4)
                0x0000000020000b38                PROVIDE (_ebss = .)
                0x0000000020000b38                PROVIDE (_end = _ebss)
                [!provide]                        PROVIDE (end = .)

.stack          0x0000000020004800      0x800
                0x0000000020004800                PROVIDE (_heap_end = .)
                0x0000000020004800                . = ALIGN (0x4)
                [!provide]                        PROVIDE (_susrstack = .)
                0x0000000020005000                . = (. + __stack_size)
 *fill*         0x0000000020004800      0x800 
                0x0000000020005000                PROVIDE (_eusrstack = .)
OUTPUT(CO2_USB_033.elf elf32-littleriscv)

.debug_info     0x0000000000000000    0x14e6a
 .debug_info    0x0000000000000000     0x23c0 ./User/UART.o
 .debug_info    0x00000000000023c0      0x962 ./User/ch32x035_it.o
 .debug_info    0x0000000000002d22     0x1a3d ./User/ch32x035_usbfs_device.o
 .debug_info    0x000000000000475f     0x64a8 ./User/main.o
 .debug_info    0x000000000000ac07      0xb56 ./User/system_ch32x035.o
 .debug_info    0x000000000000b75d      0x9ff ./User/usb_desc.o
 .debug_info    0x000000000000c15c       0x22 ./Startup/startup_ch32x035.o
 .debug_info    0x000000000000c17e     0x15d6 ./Peripheral/src/ch32x035_adc.o
 .debug_info    0x000000000000d754     0x11c9 ./Peripheral/src/ch32x035_gpio.o
 .debug_info    0x000000000000e91d      0xe46 ./Peripheral/src/ch32x035_misc.o
 .debug_info    0x000000000000f763      0xeae ./Peripheral/src/ch32x035_pwr.o
 .debug_info    0x0000000000010611      0xd8f ./Peripheral/src/ch32x035_rcc.o
 .debug_info    0x00000000000113a0     0x2b87 ./Peripheral/src/ch32x035_tim.o
 .debug_info    0x0000000000013f27      0xf43 ./Debug/debug.o

.debug_abbrev   0x0000000000000000     0x2b24
 .debug_abbrev  0x0000000000000000      0x446 ./User/UART.o
 .debug_abbrev  0x0000000000000446      0x1cf ./User/ch32x035_it.o
 .debug_abbrev  0x0000000000000615      0x371 ./User/ch32x035_usbfs_device.o
 .debug_abbrev  0x0000000000000986      0x693 ./User/main.o
 .debug_abbrev  0x0000000000001019      0x258 ./User/system_ch32x035.o
 .debug_abbrev  0x0000000000001271      0x1c5 ./User/usb_desc.o
 .debug_abbrev  0x0000000000001436       0x12 ./Startup/startup_ch32x035.o
 .debug_abbrev  0x0000000000001448      0x323 ./Peripheral/src/ch32x035_adc.o
 .debug_abbrev  0x000000000000176b      0x34b ./Peripheral/src/ch32x035_gpio.o
 .debug_abbrev  0x0000000000001ab6      0x2fb ./Peripheral/src/ch32x035_misc.o
 .debug_abbrev  0x0000000000001db1      0x344 ./Peripheral/src/ch32x035_pwr.o
 .debug_abbrev  0x00000000000020f5      0x326 ./Peripheral/src/ch32x035_rcc.o
 .debug_abbrev  0x000000000000241b      0x418 ./Peripheral/src/ch32x035_tim.o
 .debug_abbrev  0x0000000000002833      0x2f1 ./Debug/debug.o

.debug_loc      0x0000000000000000     0x7830
 .debug_loc     0x0000000000000000      0x346 ./User/UART.o
 .debug_loc     0x0000000000000346      0x3f7 ./User/ch32x035_usbfs_device.o
 .debug_loc     0x000000000000073d     0x3d93 ./User/main.o
 .debug_loc     0x00000000000044d0       0x1f ./User/system_ch32x035.o
 .debug_loc     0x00000000000044ef      0xa41 ./Peripheral/src/ch32x035_adc.o
 .debug_loc     0x0000000000004f30      0x863 ./Peripheral/src/ch32x035_gpio.o
 .debug_loc     0x0000000000005793       0xce ./Peripheral/src/ch32x035_misc.o
 .debug_loc     0x0000000000005861      0x11e ./Peripheral/src/ch32x035_pwr.o
 .debug_loc     0x000000000000597f      0x34e ./Peripheral/src/ch32x035_rcc.o
 .debug_loc     0x0000000000005ccd     0x19ec ./Peripheral/src/ch32x035_tim.o
 .debug_loc     0x00000000000076b9      0x177 ./Debug/debug.o

.debug_aranges  0x0000000000000000      0x9d0
 .debug_aranges
                0x0000000000000000       0x60 ./User/UART.o
 .debug_aranges
                0x0000000000000060       0x28 ./User/ch32x035_it.o
 .debug_aranges
                0x0000000000000088       0x48 ./User/ch32x035_usbfs_device.o
 .debug_aranges
                0x00000000000000d0      0x288 ./User/main.o
 .debug_aranges
                0x0000000000000358       0x28 ./User/system_ch32x035.o
 .debug_aranges
                0x0000000000000380       0x18 ./User/usb_desc.o
 .debug_aranges
                0x0000000000000398       0x30 ./Startup/startup_ch32x035.o
 .debug_aranges
                0x00000000000003c8      0x140 ./Peripheral/src/ch32x035_adc.o
 .debug_aranges
                0x0000000000000508       0x98 ./Peripheral/src/ch32x035_gpio.o
 .debug_aranges
                0x00000000000005a0       0x28 ./Peripheral/src/ch32x035_misc.o
 .debug_aranges
                0x00000000000005c8       0x48 ./Peripheral/src/ch32x035_pwr.o
 .debug_aranges
                0x0000000000000610       0x80 ./Peripheral/src/ch32x035_rcc.o
 .debug_aranges
                0x0000000000000690      0x2f0 ./Peripheral/src/ch32x035_tim.o
 .debug_aranges
                0x0000000000000980       0x50 ./Debug/debug.o

.debug_ranges   0x0000000000000000      0xc80
 .debug_ranges  0x0000000000000000       0x68 ./User/UART.o
 .debug_ranges  0x0000000000000068       0x18 ./User/ch32x035_it.o
 .debug_ranges  0x0000000000000080       0x68 ./User/ch32x035_usbfs_device.o
 .debug_ranges  0x00000000000000e8      0x520 ./User/main.o
 .debug_ranges  0x0000000000000608       0x18 ./User/system_ch32x035.o
 .debug_ranges  0x0000000000000620       0x28 ./Startup/startup_ch32x035.o
 .debug_ranges  0x0000000000000648      0x130 ./Peripheral/src/ch32x035_adc.o
 .debug_ranges  0x0000000000000778       0x88 ./Peripheral/src/ch32x035_gpio.o
 .debug_ranges  0x0000000000000800       0x48 ./Peripheral/src/ch32x035_misc.o
 .debug_ranges  0x0000000000000848       0x78 ./Peripheral/src/ch32x035_pwr.o
 .debug_ranges  0x00000000000008c0       0x70 ./Peripheral/src/ch32x035_rcc.o
 .debug_ranges  0x0000000000000930      0x310 ./Peripheral/src/ch32x035_tim.o
 .debug_ranges  0x0000000000000c40       0x40 ./Debug/debug.o

.debug_line     0x0000000000000000    0x10d00
 .debug_line    0x0000000000000000     0x1602 ./User/UART.o
 .debug_line    0x0000000000001602      0x299 ./User/ch32x035_it.o
 .debug_line    0x000000000000189b     0x187c ./User/ch32x035_usbfs_device.o
 .debug_line    0x0000000000003117     0x5d89 ./User/main.o
 .debug_line    0x0000000000008ea0      0x3ee ./User/system_ch32x035.o
 .debug_line    0x000000000000928e      0x264 ./User/usb_desc.o
 .debug_line    0x00000000000094f2      0x226 ./Startup/startup_ch32x035.o
 .debug_line    0x0000000000009718     0x1562 ./Peripheral/src/ch32x035_adc.o
 .debug_line    0x000000000000ac7a     0x12e0 ./Peripheral/src/ch32x035_gpio.o
 .debug_line    0x000000000000bf5a      0x535 ./Peripheral/src/ch32x035_misc.o
 .debug_line    0x000000000000c48f      0x656 ./Peripheral/src/ch32x035_pwr.o
 .debug_line    0x000000000000cae5      0x82a ./Peripheral/src/ch32x035_rcc.o
 .debug_line    0x000000000000d30f     0x324e ./Peripheral/src/ch32x035_tim.o
 .debug_line    0x000000000001055d      0x7a3 ./Debug/debug.o

.debug_str      0x0000000000000000     0x384f
 .debug_str     0x0000000000000000     0x130d ./User/UART.o
                                       0x13c4 (size before relaxing)
 .debug_str     0x000000000000130d       0x34 ./User/ch32x035_it.o
                                        0x5ac (size before relaxing)
 .debug_str     0x0000000000001341      0x14b ./User/ch32x035_usbfs_device.o
                                       0x1073 (size before relaxing)
 .debug_str     0x000000000000148c      0xf07 ./User/main.o
                                       0x1ec5 (size before relaxing)
 .debug_str     0x0000000000002393       0x6e ./User/system_ch32x035.o
                                        0x6aa (size before relaxing)
 .debug_str     0x0000000000002401       0x13 ./User/usb_desc.o
                                        0x5e2 (size before relaxing)
 .debug_str     0x0000000000002414       0x2a ./Startup/startup_ch32x035.o
                                         0x5e (size before relaxing)
 .debug_str     0x000000000000243e      0x469 ./Peripheral/src/ch32x035_adc.o
                                        0xbf7 (size before relaxing)
 .debug_str     0x00000000000028a7      0x1ce ./Peripheral/src/ch32x035_gpio.o
                                        0x942 (size before relaxing)
 .debug_str     0x0000000000002a75       0xf5 ./Peripheral/src/ch32x035_misc.o
                                        0xa0e (size before relaxing)
 .debug_str     0x0000000000002b6a       0xe7 ./Peripheral/src/ch32x035_pwr.o
                                        0x7c1 (size before relaxing)
 .debug_str     0x0000000000002c51      0x180 ./Peripheral/src/ch32x035_rcc.o
                                        0x846 (size before relaxing)
 .debug_str     0x0000000000002dd1      0x9ee ./Peripheral/src/ch32x035_tim.o
                                       0x1376 (size before relaxing)
 .debug_str     0x00000000000037bf       0x90 ./Debug/debug.o
                                        0x8d0 (size before relaxing)

.comment        0x0000000000000000       0x33
 .comment       0x0000000000000000       0x33 ./User/UART.o
                                         0x34 (size before relaxing)
 .comment       0x0000000000000033       0x34 ./User/ch32x035_it.o
 .comment       0x0000000000000033       0x34 ./User/ch32x035_usbfs_device.o
 .comment       0x0000000000000033       0x34 ./User/main.o
 .comment       0x0000000000000033       0x34 ./User/system_ch32x035.o
 .comment       0x0000000000000033       0x34 ./User/usb_desc.o
 .comment       0x0000000000000033       0x34 ./Peripheral/src/ch32x035_adc.o
 .comment       0x0000000000000033       0x34 ./Peripheral/src/ch32x035_gpio.o
 .comment       0x0000000000000033       0x34 ./Peripheral/src/ch32x035_misc.o
 .comment       0x0000000000000033       0x34 ./Peripheral/src/ch32x035_pwr.o
 .comment       0x0000000000000033       0x34 ./Peripheral/src/ch32x035_rcc.o
 .comment       0x0000000000000033       0x34 ./Peripheral/src/ch32x035_tim.o
 .comment       0x0000000000000033       0x34 ./Debug/debug.o

.debug_frame    0x0000000000000000     0x1e74
 .debug_frame   0x0000000000000000      0x154 ./User/UART.o
 .debug_frame   0x0000000000000154       0x30 ./User/ch32x035_it.o
 .debug_frame   0x0000000000000184       0xd8 ./User/ch32x035_usbfs_device.o
 .debug_frame   0x000000000000025c      0xa3c ./User/main.o
 .debug_frame   0x0000000000000c98       0x30 ./User/system_ch32x035.o
 .debug_frame   0x0000000000000cc8      0x27c ./Peripheral/src/ch32x035_adc.o
 .debug_frame   0x0000000000000f44      0x140 ./Peripheral/src/ch32x035_gpio.o
 .debug_frame   0x0000000000001084       0x30 ./Peripheral/src/ch32x035_misc.o
 .debug_frame   0x00000000000010b4       0x8c ./Peripheral/src/ch32x035_pwr.o
 .debug_frame   0x0000000000001140       0xfc ./Peripheral/src/ch32x035_rcc.o
 .debug_frame   0x000000000000123c      0x654 ./Peripheral/src/ch32x035_tim.o
 .debug_frame   0x0000000000001890       0xb8 ./Debug/debug.o
 .debug_frame   0x0000000000001948       0x20 /home/larry/MounRiver_Studio_Community_Linux_x64_V160/MRS_Community/toolchain/RISC-V Embedded GCC/bin/../lib/gcc/riscv-none-embed/8.2.0/../../../../riscv-none-embed/lib/rv32imac/ilp32/libg_nano.a(lib_a-memcpy.o)
 .debug_frame   0x0000000000001968       0x48 /home/larry/MounRiver_Studio_Community_Linux_x64_V160/MRS_Community/toolchain/RISC-V Embedded GCC/bin/../lib/gcc/riscv-none-embed/8.2.0/../../../../riscv-none-embed/lib/rv32imac/ilp32/libg_nano.a(lib_a-sprintf.o)
 .debug_frame   0x00000000000019b0       0x20 /home/larry/MounRiver_Studio_Community_Linux_x64_V160/MRS_Community/toolchain/RISC-V Embedded GCC/bin/../lib/gcc/riscv-none-embed/8.2.0/../../../../riscv-none-embed/lib/rv32imac/ilp32/libg_nano.a(lib_a-strlen.o)
 .debug_frame   0x00000000000019d0      0x148 /home/larry/MounRiver_Studio_Community_Linux_x64_V160/MRS_Community/toolchain/RISC-V Embedded GCC/bin/../lib/gcc/riscv-none-embed/8.2.0/../../../../riscv-none-embed/lib/rv32imac/ilp32/libg_nano.a(lib_a-findfp.o)
 .debug_frame   0x0000000000001b18       0x40 /home/larry/MounRiver_Studio_Community_Linux_x64_V160/MRS_Community/toolchain/RISC-V Embedded GCC/bin/../lib/gcc/riscv-none-embed/8.2.0/../../../../riscv-none-embed/lib/rv32imac/ilp32/libg_nano.a(lib_a-nano-mallocr.o)
 .debug_frame   0x0000000000001b58       0xe0 /home/larry/MounRiver_Studio_Community_Linux_x64_V160/MRS_Community/toolchain/RISC-V Embedded GCC/bin/../lib/gcc/riscv-none-embed/8.2.0/../../../../riscv-none-embed/lib/rv32imac/ilp32/libg_nano.a(lib_a-nano-svfprintf.o)
 .debug_frame   0x0000000000001c38       0x8c /home/larry/MounRiver_Studio_Community_Linux_x64_V160/MRS_Community/toolchain/RISC-V Embedded GCC/bin/../lib/gcc/riscv-none-embed/8.2.0/../../../../riscv-none-embed/lib/rv32imac/ilp32/libg_nano.a(lib_a-nano-vfprintf_i.o)
 .debug_frame   0x0000000000001cc4       0x30 /home/larry/MounRiver_Studio_Community_Linux_x64_V160/MRS_Community/toolchain/RISC-V Embedded GCC/bin/../lib/gcc/riscv-none-embed/8.2.0/../../../../riscv-none-embed/lib/rv32imac/ilp32/libg_nano.a(lib_a-sbrkr.o)
 .debug_frame   0x0000000000001cf4       0x20 /home/larry/MounRiver_Studio_Community_Linux_x64_V160/MRS_Community/toolchain/RISC-V Embedded GCC/bin/../lib/gcc/riscv-none-embed/8.2.0/../../../../riscv-none-embed/lib/rv32imac/ilp32/libg_nano.a(lib_a-memchr.o)
 .debug_frame   0x0000000000001d14       0x20 /home/larry/MounRiver_Studio_Community_Linux_x64_V160/MRS_Community/toolchain/RISC-V Embedded GCC/bin/../lib/gcc/riscv-none-embed/8.2.0/../../../../riscv-none-embed/lib/rv32imac/ilp32/libg_nano.a(lib_a-memmove.o)
 .debug_frame   0x0000000000001d34       0x30 /home/larry/MounRiver_Studio_Community_Linux_x64_V160/MRS_Community/toolchain/RISC-V Embedded GCC/bin/../lib/gcc/riscv-none-embed/8.2.0/../../../../riscv-none-embed/lib/rv32imac/ilp32/libg_nano.a(lib_a-mlock.o)
 .debug_frame   0x0000000000001d64       0x40 /home/larry/MounRiver_Studio_Community_Linux_x64_V160/MRS_Community/toolchain/RISC-V Embedded GCC/bin/../lib/gcc/riscv-none-embed/8.2.0/../../../../riscv-none-embed/lib/rv32imac/ilp32/libg_nano.a(lib_a-nano-freer.o)
 .debug_frame   0x0000000000001da4       0x40 /home/larry/MounRiver_Studio_Community_Linux_x64_V160/MRS_Community/toolchain/RISC-V Embedded GCC/bin/../lib/gcc/riscv-none-embed/8.2.0/../../../../riscv-none-embed/lib/rv32imac/ilp32/libg_nano.a(lib_a-nano-reallocr.o)
 .debug_frame   0x0000000000001de4       0x70 /home/larry/MounRiver_Studio_Community_Linux_x64_V160/MRS_Community/toolchain/RISC-V Embedded GCC/bin/../lib/gcc/riscv-none-embed/8.2.0/../../../../riscv-none-embed/lib/rv32imac/ilp32/libg_nano.a(lib_a-reent.o)
 .debug_frame   0x0000000000001e54       0x20 /home/larry/MounRiver_Studio_Community_Linux_x64_V160/MRS_Community/toolchain/RISC-V Embedded GCC/bin/../lib/gcc/riscv-none-embed/8.2.0/../../../../riscv-none-embed/lib/rv32imac/ilp32/libg_nano.a(lib_a-nano-msizer.o)

.stabstr        0x0000000000000000      0x117
 .stabstr       0x0000000000000000      0x117 /home/larry/MounRiver_Studio_Community_Linux_x64_V160/MRS_Community/toolchain/RISC-V Embedded GCC/bin/../lib/gcc/riscv-none-embed/8.2.0/../../../../riscv-none-embed/lib/rv32imac/ilp32/libnosys.a(close.o)
